  Activating project at `~/Documents/GitHub/KiteTurbineDynamics.jl`
┌ Info: Pitch Depower Campaign V5-Safe
│   n_runs = 256
│   threads = 32
└   smoke_test = false
┌ Info: Results directory
└   RESULTS_DIR = "/home/rod/Documents/GitHub/KiteTurbineDynamics.jl/scripts/results/pitch_depower_campaign_v5_safe"
[ Info: Run    1 /  256  [4925 s elapsed, ETA 20932 min]
[ Info: Run    2 /  256  [4927 s elapsed, ETA 10429 min]
[ Info: Run    3 /  256  [6276 s elapsed, ETA 8821 min]
[ Info: Run    4 /  256  [6301 s elapsed, ETA 6616 min]
[ Info: Run    5 /  256  [6305 s elapsed, ETA 5275 min]
[ Info: Run    6 /  256  [6305 s elapsed, ETA 4379 min]
[ Info: Run    7 /  256  [6306 s elapsed, ETA 3738 min]
[ Info: Run    8 /  256  [6307 s elapsed, ETA 3259 min]
[ Info: Run    9 /  256  [6308 s elapsed, ETA 2885 min]
[ Info: Run   10 /  256  [6309 s elapsed, ETA 2587 min]
[ Info: Run   11 /  256  [6312 s elapsed, ETA 2343 min]
[ Info: Run   12 /  256  [6312 s elapsed, ETA 2139 min]
[ Info: Run   13 /  256  [6312 s elapsed, ETA 1967 min]
[ Info: Run   14 /  256  [6314 s elapsed, ETA 1819 min]
[ Info: Run   15 /  256  [6315 s elapsed, ETA 1691 min]
[ Info: Run   16 /  256  [6315 s elapsed, ETA 1579 min]
[ Info: Run   17 /  256  [6316 s elapsed, ETA 1480 min]
[ Info: Run   18 /  256  [6316 s elapsed, ETA 1392 min]
[ Info: Run   19 /  256  [6317 s elapsed, ETA 1313 min]
[ Info: Run   20 /  256  [6317 s elapsed, ETA 1242 min]
[ Info: Run   21 /  256  [6318 s elapsed, ETA 1178 min]
[ Info: Run   22 /  256  [6318 s elapsed, ETA 1120 min]
[ Info: Run   23 /  256  [6321 s elapsed, ETA 1067 min]
[ Info: Run   24 /  256  [6322 s elapsed, ETA 1019 min]
[ Info: Run   25 /  256  [6324 s elapsed, ETA 974 min]
[ Info: Run   26 /  256  [6324 s elapsed, ETA 932 min]
[ Info: Run   27 /  256  [6325 s elapsed, ETA 894 min]
[ Info: Run   28 /  256  [6325 s elapsed, ETA 858 min]
[ Info: Run   29 /  256  [6325 s elapsed, ETA 825 min]
[ Info: Run   30 /  256  [6326 s elapsed, ETA 794 min]
[ Info: Run   31 /  256  [6328 s elapsed, ETA 765 min]
[ Info: Run   32 /  256  [6332 s elapsed, ETA 739 min]
[ Info: Run   33 /  256  [9223 s elapsed, ETA 1039 min]
[ Info: Run   34 /  256  [9253 s elapsed, ETA 1007 min]
[ Info: Run   35 /  256  [11706 s elapsed, ETA 1232 min]
[ Info: Run   36 /  256  [11759 s elapsed, ETA 1198 min]
[ Info: Run   37 /  256  [11766 s elapsed, ETA 1161 min]
[ Info: Run   38 /  256  [11766 s elapsed, ETA 1125 min]
[ Info: Run   39 /  256  [11769 s elapsed, ETA 1091 min]
[ Info: Run   40 /  256  [11771 s elapsed, ETA 1059 min]
[ Info: Run   41 /  256  [11772 s elapsed, ETA 1029 min]
[ Info: Run   42 /  256  [11773 s elapsed, ETA 1000 min]
[ Info: Run   43 /  256  [11775 s elapsed, ETA 972 min]
[ Info: Run   44 /  256  [11775 s elapsed, ETA 946 min]
[ Info: Run   45 /  256  [11776 s elapsed, ETA 920 min]
[ Info: Run   46 /  256  [11778 s elapsed, ETA 896 min]
[ Info: Run   47 /  256  [11779 s elapsed, ETA 873 min]
[ Info: Run   48 /  256  [11780 s elapsed, ETA 851 min]
[ Info: Run   49 /  256  [11781 s elapsed, ETA 829 min]
[ Info: Run   50 /  256  [11782 s elapsed, ETA 809 min]
[ Info: Run   51 /  256  [11782 s elapsed, ETA 789 min]
[ Info: Run   52 /  256  [11782 s elapsed, ETA 770 min]
[ Info: Run   53 /  256  [11783 s elapsed, ETA 752 min]
[ Info: Run   54 /  256  [11787 s elapsed, ETA 735 min]
[ Info: Run   55 /  256  [11789 s elapsed, ETA 718 min]
[ Info: Run   56 /  256  [11790 s elapsed, ETA 702 min]
[ Info: Run   57 /  256  [11794 s elapsed, ETA 686 min]
[ Info: Run   58 /  256  [11794 s elapsed, ETA 671 min]
[ Info: Run   59 /  256  [11797 s elapsed, ETA 656 min]
[ Info: Run   60 /  256  [11798 s elapsed, ETA 642 min]
[ Info: Run   61 /  256  [11800 s elapsed, ETA 629 min]
[ Info: Run   62 /  256  [11802 s elapsed, ETA 615 min]
[ Info: Run   63 /  256  [11807 s elapsed, ETA 603 min]
[ Info: Run   64 /  256  [11823 s elapsed, ETA 591 min]
[ Info: Run   65 /  256  [15676 s elapsed, ETA 768 min]
[ Info: Run   66 /  256  [15748 s elapsed, ETA 756 min]
[ Info: Run   67 /  256  [20039 s elapsed, ETA 942 min]
[ Info: Run   68 /  256  [20138 s elapsed, ETA 928 min]
[ Info: Run   69 /  256  [20146 s elapsed, ETA 910 min]
[ Info: Run   70 /  256  [20159 s elapsed, ETA 893 min]
[ Info: Run   71 /  256  [20164 s elapsed, ETA 876 min]
[ Info: Run   72 /  256  [20164 s elapsed, ETA 859 min]
[ Info: Run   73 /  256  [20165 s elapsed, ETA 843 min]
[ Info: Run   74 /  256  [20167 s elapsed, ETA 827 min]
[ Info: Run   75 /  256  [20167 s elapsed, ETA 811 min]
[ Info: Run   76 /  256  [20169 s elapsed, ETA 796 min]
[ Info: Run   77 /  256  [20169 s elapsed, ETA 781 min]
[ Info: Run   78 /  256  [20173 s elapsed, ETA 767 min]
[ Info: Run   79 /  256  [20173 s elapsed, ETA 753 min]
[ Info: Run   80 /  256  [20174 s elapsed, ETA 740 min]
[ Info: Run   81 /  256  [20175 s elapsed, ETA 726 min]
[ Info: Run   82 /  256  [20181 s elapsed, ETA 714 min]
[ Info: Run   83 /  256  [20184 s elapsed, ETA 701 min]
[ Info: Run   84 /  256  [20184 s elapsed, ETA 689 min]
[ Info: Run   85 /  256  [20186 s elapsed, ETA 677 min]
[ Info: Run   86 /  256  [20188 s elapsed, ETA 665 min]
[ Info: Run   87 /  256  [20191 s elapsed, ETA 654 min]
[ Info: Run   88 /  256  [20193 s elapsed, ETA 643 min]
[ Info: Run   89 /  256  [20196 s elapsed, ETA 632 min]
[ Info: Run   90 /  256  [20197 s elapsed, ETA 621 min]
[ Info: Run   91 /  256  [20204 s elapsed, ETA 611 min]
[ Info: Run   92 /  256  [20206 s elapsed, ETA 600 min]
[ Info: Run   93 /  256  [20211 s elapsed, ETA 590 min]
[ Info: Run   94 /  256  [20220 s elapsed, ETA 581 min]
[ Info: Run   95 /  256  [20221 s elapsed, ETA 571 min]
[ Info: Run   96 /  256  [20227 s elapsed, ETA 562 min]
[ Info: Run   97 /  256  [22183 s elapsed, ETA 606 min]
[ Info: Run   98 /  256  [22280 s elapsed, ETA 599 min]
[ Info: Run   99 /  256  [27139 s elapsed, ETA 717 min]
[ Info: Run  100 /  256  [27275 s elapsed, ETA 709 min]
[ Info: Run  101 /  256  [28370 s elapsed, ETA 726 min]
[ Info: Run  102 /  256  [28520 s elapsed, ETA 718 min]
[ Info: Run  103 /  256  [28534 s elapsed, ETA 706 min]
[ Info: Run  104 /  256  [28534 s elapsed, ETA 695 min]
[ Info: Run  105 /  256  [28535 s elapsed, ETA 684 min]
[ Info: Run  106 /  256  [28535 s elapsed, ETA 673 min]
[ Info: Run  107 /  256  [28541 s elapsed, ETA 662 min]
[ Info: Run  108 /  256  [28542 s elapsed, ETA 652 min]
[ Info: Run  109 /  256  [28543 s elapsed, ETA 642 min]
[ Info: Run  110 /  256  [28548 s elapsed, ETA 632 min]
[ Info: Run  111 /  256  [28549 s elapsed, ETA 622 min]
[ Info: Run  112 /  256  [28553 s elapsed, ETA 612 min]
[ Info: Run  113 /  256  [28563 s elapsed, ETA 602 min]
[ Info: Run  114 /  256  [28564 s elapsed, ETA 593 min]
[ Info: Run  115 /  256  [28564 s elapsed, ETA 584 min]
[ Info: Run  116 /  256  [28565 s elapsed, ETA 575 min]
[ Info: Run  117 /  256  [28570 s elapsed, ETA 566 min]
[ Info: Run  118 /  256  [28572 s elapsed, ETA 557 min]
[ Info: Run  119 /  256  [28573 s elapsed, ETA 548 min]
[ Info: Run  120 /  256  [28574 s elapsed, ETA 540 min]
[ Info: Run  121 /  256  [28578 s elapsed, ETA 531 min]
[ Info: Run  122 /  256  [28581 s elapsed, ETA 523 min]
[ Info: Run  123 /  256  [28586 s elapsed, ETA 515 min]
[ Info: Run  124 /  256  [28589 s elapsed, ETA 507 min]
[ Info: Run  125 /  256  [28592 s elapsed, ETA 499 min]
[ Info: Run  126 /  256  [28593 s elapsed, ETA 492 min]
[ Info: Run  127 /  256  [28595 s elapsed, ETA 484 min]
[ Info: Run  128 /  256  [28616 s elapsed, ETA 477 min]
[ Info: Run  129 /  256  [28623 s elapsed, ETA 470 min]
[ Info: Run  130 /  256  [28624 s elapsed, ETA 462 min]
[ Info: Run  131 /  256  [32079 s elapsed, ETA 510 min]
[ Info: Run  132 /  256  [32228 s elapsed, ETA 505 min]
[ Info: Run  133 /  256  [34124 s elapsed, ETA 526 min]
[ Info: Run  134 /  256  [34128 s elapsed, ETA 518 min]
[ Info: Run  135 /  256  [34619 s elapsed, ETA 517 min]
[ Info: Run  136 /  256  [34794 s elapsed, ETA 512 min]
[ Info: Run  137 /  256  [34795 s elapsed, ETA 504 min]
[ Info: Run  138 /  256  [34809 s elapsed, ETA 496 min]
[ Info: Run  139 /  256  [34816 s elapsed, ETA 488 min]
[ Info: Run  140 /  256  [34820 s elapsed, ETA 481 min]
[ Info: Run  141 /  256  [34821 s elapsed, ETA 473 min]
[ Info: Run  142 /  256  [34823 s elapsed, ETA 466 min]
[ Info: Run  143 /  256  [34824 s elapsed, ETA 459 min]
[ Info: Run  144 /  256  [34826 s elapsed, ETA 451 min]
[ Info: Run  145 /  256  [34832 s elapsed, ETA 444 min]
[ Info: Run  146 /  256  [34835 s elapsed, ETA 437 min]
[ Info: Run  147 /  256  [34836 s elapsed, ETA 431 min]
[ Info: Run  148 /  256  [34839 s elapsed, ETA 424 min]
[ Info: Run  149 /  256  [34840 s elapsed, ETA 417 min]
[ Info: Run  150 /  256  [34843 s elapsed, ETA 410 min]
[ Info: Run  151 /  256  [34849 s elapsed, ETA 404 min]
[ Info: Run  152 /  256  [34851 s elapsed, ETA 397 min]
[ Info: Run  153 /  256  [34854 s elapsed, ETA 391 min]
[ Info: Run  154 /  256  [34856 s elapsed, ETA 385 min]
[ Info: Run  155 /  256  [34858 s elapsed, ETA 379 min]
[ Info: Run  156 /  256  [34865 s elapsed, ETA 372 min]
[ Info: Run  157 /  256  [34871 s elapsed, ETA 366 min]
[ Info: Run  158 /  256  [34872 s elapsed, ETA 360 min]
[ Info: Run  159 /  256  [34883 s elapsed, ETA 355 min]
[ Info: Run  160 /  256  [34885 s elapsed, ETA 349 min]
[ Info: Run  161 /  256  [34886 s elapsed, ETA 343 min]
[ Info: Run  162 /  256  [34892 s elapsed, ETA 337 min]
[ Info: Run  163 /  256  [36381 s elapsed, ETA 346 min]
[ Info: Run  164 /  256  [36553 s elapsed, ETA 342 min]
[ Info: Run  165 /  256  [39624 s elapsed, ETA 364 min]
[ Info: Run  166 /  256  [39633 s elapsed, ETA 358 min]
[ Info: Run  167 /  256  [40085 s elapsed, ETA 356 min]
[ Info: Run  168 /  256  [40286 s elapsed, ETA 352 min]
[ Info: Run  169 /  256  [40287 s elapsed, ETA 346 min]
[ Info: Run  170 /  256  [40295 s elapsed, ETA 340 min]
[ Info: Run  171 /  256  [40303 s elapsed, ETA 334 min]
[ Info: Run  172 /  256  [40312 s elapsed, ETA 328 min]
[ Info: Run  173 /  256  [40313 s elapsed, ETA 322 min]
[ Info: Run  174 /  256  [40315 s elapsed, ETA 317 min]
[ Info: Run  175 /  256  [40318 s elapsed, ETA 311 min]
[ Info: Run  176 /  256  [40319 s elapsed, ETA 305 min]
[ Info: Run  177 /  256  [40323 s elapsed, ETA 300 min]
[ Info: Run  178 /  256  [40324 s elapsed, ETA 295 min]
[ Info: Run  179 /  256  [40327 s elapsed, ETA 289 min]
[ Info: Run  180 /  256  [40336 s elapsed, ETA 284 min]
[ Info: Run  181 /  256  [40337 s elapsed, ETA 279 min]
[ Info: Run  182 /  256  [40337 s elapsed, ETA 273 min]
[ Info: Run  183 /  256  [40338 s elapsed, ETA 268 min]
[ Info: Run  184 /  256  [40346 s elapsed, ETA 263 min]
[ Info: Run  185 /  256  [40354 s elapsed, ETA 258 min]
[ Info: Run  186 /  256  [40354 s elapsed, ETA 253 min]
[ Info: Run  187 /  256  [40355 s elapsed, ETA 248 min]
[ Info: Run  188 /  256  [40355 s elapsed, ETA 243 min]
[ Info: Run  189 /  256  [40361 s elapsed, ETA 238 min]
[ Info: Run  190 /  256  [40377 s elapsed, ETA 234 min]
[ Info: Run  191 /  256  [40378 s elapsed, ETA 229 min]
[ Info: Run  192 /  256  [40382 s elapsed, ETA 224 min]
[ Info: Run  193 /  256  [42823 s elapsed, ETA 233 min]
[ Info: Run  194 /  256  [43036 s elapsed, ETA 229 min]
[ Info: Run  195 /  256  [43158 s elapsed, ETA 225 min]
[ Info: Run  196 /  256  [43162 s elapsed, ETA 220 min]
[ Info: Run  197 /  256  [48029 s elapsed, ETA 240 min]
[ Info: Run  198 /  256  [48036 s elapsed, ETA 235 min]
[ Info: Run  199 /  256  [48434 s elapsed, ETA 231 min]
[ Info: Run  200 /  256  [48675 s elapsed, ETA 227 min]
[ Info: Run  201 /  256  [48691 s elapsed, ETA 222 min]
[ Info: Run  202 /  256  [48693 s elapsed, ETA 217 min]
[ Info: Run  203 /  256  [48694 s elapsed, ETA 212 min]
[ Info: Run  204 /  256  [48715 s elapsed, ETA 207 min]
[ Info: Run  205 /  256  [48717 s elapsed, ETA 202 min]
[ Info: Run  206 /  256  [48719 s elapsed, ETA 197 min]
[ Info: Run  207 /  256  [48721 s elapsed, ETA 192 min]
[ Info: Run  208 /  256  [48721 s elapsed, ETA 187 min]
[ Info: Run  209 /  256  [48726 s elapsed, ETA 183 min]
[ Info: Run  210 /  256  [48728 s elapsed, ETA 178 min]
[ Info: Run  211 /  256  [48729 s elapsed, ETA 173 min]
[ Info: Run  212 /  256  [48730 s elapsed, ETA 169 min]
[ Info: Run  213 /  256  [48731 s elapsed, ETA 164 min]
[ Info: Run  214 /  256  [48736 s elapsed, ETA 159 min]
[ Info: Run  215 /  256  [48738 s elapsed, ETA 155 min]
[ Info: Run  216 /  256  [48753 s elapsed, ETA 150 min]
[ Info: Run  217 /  256  [48753 s elapsed, ETA 146 min]
[ Info: Run  218 /  256  [48757 s elapsed, ETA 142 min]
[ Info: Run  219 /  256  [48761 s elapsed, ETA 137 min]
[ Info: Run  220 /  256  [48762 s elapsed, ETA 133 min]
[ Info: Run  221 /  256  [48768 s elapsed, ETA 129 min]
[ Info: Run  222 /  256  [48779 s elapsed, ETA 125 min]
[ Info: Run  223 /  256  [48787 s elapsed, ETA 120 min]
[ Info: Run  224 /  256  [48788 s elapsed, ETA 116 min]
[ Info: Run  225 /  256  [49321 s elapsed, ETA 113 min]
[ Info: Run  226 /  256  [49553 s elapsed, ETA 110 min]
[ Info: Run  227 /  256  [51511 s elapsed, ETA 110 min]
[ Info: Run  228 /  256  [51511 s elapsed, ETA 105 min]
[ Info: Run  229 /  256  [55936 s elapsed, ETA 110 min]
[ Info: Run  230 /  256  [55939 s elapsed, ETA 105 min]
[ Info: Run  231 /  256  [56204 s elapsed, ETA 101 min]
[ Info: Run  232 /  256  [56412 s elapsed, ETA 97 min]
[ Info: Run  233 /  256  [56428 s elapsed, ETA 93 min]
[ Info: Run  234 /  256  [56429 s elapsed, ETA 88 min]
[ Info: Run  235 /  256  [56435 s elapsed, ETA 84 min]
[ Info: Run  236 /  256  [56449 s elapsed, ETA 80 min]
[ Info: Run  237 /  256  [56450 s elapsed, ETA 75 min]
[ Info: Run  238 /  256  [56452 s elapsed, ETA 71 min]
[ Info: Run  239 /  256  [56458 s elapsed, ETA 67 min]
[ Info: Run  240 /  256  [56459 s elapsed, ETA 63 min]
[ Info: Run  241 /  256  [56459 s elapsed, ETA 59 min]
[ Info: Run  242 /  256  [56464 s elapsed, ETA 54 min]
[ Info: Run  243 /  256  [56465 s elapsed, ETA 50 min]
[ Info: Run  244 /  256  [56465 s elapsed, ETA 46 min]
[ Info: Run  245 /  256  [56465 s elapsed, ETA 42 min]
[ Info: Run  246 /  256  [56466 s elapsed, ETA 38 min]
[ Info: Run  247 /  256  [56467 s elapsed, ETA 34 min]
[ Info: Run  248 /  256  [56469 s elapsed, ETA 30 min]
[ Info: Run  249 /  256  [56469 s elapsed, ETA 26 min]
[ Info: Run  250 /  256  [56471 s elapsed, ETA 23 min]
[ Info: Run  251 /  256  [56471 s elapsed, ETA 19 min]
[ Info: Run  252 /  256  [56472 s elapsed, ETA 15 min]
[ Info: Run  253 /  256  [56472 s elapsed, ETA 11 min]
[ Info: Run  254 /  256  [56472 s elapsed, ETA 7 min]
[ Info: Run  255 /  256  [56472 s elapsed, ETA 4 min]
[ Info: Run  256 /  256  [56473 s elapsed, ETA 0 min]
[ Info: Campaign V5-Safe complete: 256 runs in 941.2 minutes
┌ Info: Summary CSV
└   metrics_path = "/home/rod/Documents/GitHub/KiteTurbineDynamics.jl/scripts/results/pitch_depower_campaign_v5_safe/campaign_metrics.csv"
