═══ island_1  config=default  T=2.0 s  dt=1.999e-05 ═══
toggles: tilt_enabled=true bridles_use_tilt=false bridle_axial_torque=true
L_off_nom = r_hub/tan(31deg) = 4.3432 m   r_hub = 2.610   m_hub = 9.4645 kg

      t     z_gap  gap-Loff   hub_lat     tilt  F_thrust  F_bridle    F_trpt    F_grav    F_pred    F_meas
  0.000    4.3432   +0.0001    0.0016    0.002    1451.3     281.8    1799.1      46.4    -112.5       6.6
  0.010    4.3432   +0.0000    0.0020    0.002    1450.8     275.3    1958.1      46.4    -278.5    -154.4
  0.020    4.3432   +0.0000    0.0032    0.002    1450.3     276.9    1571.0      46.4     109.7     218.9
  0.030    4.3431   -0.0001    0.0053    0.003    1450.0     255.1    1820.5      46.4    -161.8     -36.5
  0.040    4.3431   -0.0001    0.0082    0.004    1449.9     257.3    1502.1      46.4     158.7     264.9
  0.050    4.3431   -0.0000    0.0121    0.004    1449.8     266.3    2087.5      46.4    -417.8    -274.1
  0.060    4.3432   +0.0000    0.0169    0.005    1449.7     277.8    1690.5      46.4      -9.5     103.2
  0.070    4.3432   +0.0001    0.0226    0.006    1449.5     283.9    2115.8      46.4    -428.9    -295.9
  0.080    4.3431   -0.0000    0.0294    0.007    1449.8     266.6    1518.5      46.4     151.5     245.4
  0.090    4.3432   +0.0000    0.0372    0.007    1450.0     270.7    1796.2      46.4    -121.9       8.9
  0.100    4.3431   -0.0001    0.0459    0.008    1450.5     255.8    1682.7      46.4     -22.7      98.0
  0.240    4.3433   +0.0001    0.2491    0.018    1462.7     317.3    1824.5      46.4     -91.0       6.1
  0.490    4.3436   +0.0005    0.8739    0.035    1508.1     506.1    1977.6      46.4      -9.8     -22.8
  0.740    4.2085   -0.1347    1.3244    2.210    1538.5    1250.8    1233.1      46.4    1509.8     694.6
  0.990    4.3302   -0.0130    1.2854    0.264    1524.0     425.6    2050.5      46.4    -147.4    -157.5
  1.240    4.3241   -0.0190    1.3732    0.361    1521.3     275.5    2356.9      46.4    -606.5    -517.6
  1.490    4.2833   -0.0599    1.4403    1.046    1514.2     590.7    1630.5      46.4     428.0      76.4
  1.739    4.2968   -0.0464    1.4800    0.851    1506.3     608.0    2340.6      46.4    -272.7    -518.2
  1.989    4.3360   -0.0071    1.3773    0.143    1501.7     243.0    1602.1      46.4      96.1     166.5

── summary ──
z_gap  t=0 4.3432  min 4.1737 (t=0.89)  max 4.3437 (t=0.61)  final 4.3333
gap deficit vs L_off_nom: min -0.1694  max +0.0005
hub_lat t=0 0.0016  max 1.4826 (t=1.79)  final 1.3776
tilt_deg max 2.684   cone_total min 0.00  final 276.36
cone first < 1.0 N at t=1.36 s (then dead 2% of samples)
axial budget residual: max |F_pred − F_meas| = 1069.72 N
csv: /home/rodbot/Documents/GitHub/KiteTurbineDynamics.jl/scratch/../.julia_depot/logs/axialgap_island_1_default.csv
=== done ===
