═══ island_2  config=default  T=2.0 s  dt=2.158e-05 ═══
toggles: tilt_enabled=true bridles_use_tilt=false bridle_axial_torque=true
L_off_nom = r_hub/tan(31deg) = 5.9099 m   r_hub = 3.551   m_hub = 3.2463 kg

      t     z_gap  gap-Loff   hub_lat     tilt  F_thrust  F_bridle    F_trpt    F_grav    F_pred    F_meas
  0.000    5.9099   +0.0000    0.0025    0.000    1467.6     109.0    1649.7      15.9     -89.0      -0.1
  0.010    5.9099   -0.0000    0.0031    0.001    1468.6     106.4    1679.0      15.9    -119.8     -24.4
  0.020    5.9099   +0.0000    0.0051    0.002    1469.7     111.9    1681.4      15.9    -115.6     -16.4
  0.030    5.9099   -0.0000    0.0082    0.004    1471.2     102.6    1586.9      15.9     -29.0      59.1
  0.040    5.9098   -0.0001    0.0126    0.006    1473.2      88.1    1578.6      15.9     -33.2      54.7
  0.050    5.9099   -0.0000    0.0182    0.007    1475.0     105.7    1730.1      15.9    -165.4     -67.8
  0.060    5.9100   +0.0001    0.0250    0.008    1476.2     130.0    1758.2      15.9    -167.9     -76.9
  0.070    5.9100   +0.0001    0.0326    0.009    1477.9     129.9    1613.4      15.9     -21.5      46.7
  0.080    5.9098   -0.0001    0.0409    0.010    1480.2     115.5    1570.6      15.9       9.1      76.2
  0.090    5.9098   -0.0001    0.0498    0.011    1482.5     117.4    1677.3      15.9     -93.3      -9.8
  0.100    5.9099   +0.0000    0.0595    0.012    1484.3     132.7    1732.6      15.9    -131.5     -52.2
  0.240    5.9099   +0.0000    0.2457    0.020    1514.4     184.4    1731.5      15.9     -48.6     -18.0
  0.490    5.9101   +0.0002    0.6087    0.021    1565.5     176.2    1773.7      15.9     -48.0       2.3
  0.739    5.9101   +0.0002    0.8552    0.016    1600.7     172.9    1822.0      15.9     -64.3      -0.5
  0.989    5.9101   +0.0002    0.9877    0.013    1623.3     157.4    1840.3      15.9     -75.5      -0.6
  1.239    5.9101   +0.0001    1.0613    0.010    1638.4     130.1    1849.7      15.9     -97.1       0.2
  1.489    5.9096   -0.0003    1.0751    0.015    1646.3     125.0    1848.2      15.9     -92.8       1.6
  1.739    5.9100   +0.0001    1.0716    0.008    1650.9     122.8    1857.4      15.9     -99.7      -0.9
  1.988    5.9095   -0.0004    1.0784    0.015    1654.8     103.2    1851.4      15.9    -109.2       7.5

── summary ──
z_gap  t=0 5.9099  min 5.9088 (t=1.36)  max 5.9101 (t=0.68)  final 5.9099
gap deficit vs L_off_nom: min -0.0011  max +0.0002
hub_lat t=0 0.0025  max 1.0801 (t=1.97)  final 1.0775
tilt_deg max 0.030   cone_total min 102.73  final 120.64
cone never drops below 1.0 N
axial budget residual: max |F_pred − F_meas| = 119.81 N
csv: /home/rodbot/Documents/GitHub/KiteTurbineDynamics.jl/scratch/../.julia_depot/logs/axialgap_island_2_default.csv
=== done ===
