═══ island_1  config=notilt  T=2.0 s  dt=1.999e-05 ═══
toggles: tilt_enabled=false bridles_use_tilt=false bridle_axial_torque=true
L_off_nom = r_hub/tan(31deg) = 4.3432 m   r_hub = 2.610   m_hub = 9.4645 kg

      t     z_gap  gap-Loff   hub_lat     tilt  F_thrust  F_bridle    F_trpt    F_grav    F_pred    F_meas
  0.000    4.3432   +0.0001    0.0016    0.002    1451.3     281.8    1799.1      46.4    -112.5       6.6
  0.010    4.3432   +0.0000    0.0020    0.002    1450.8     275.3    1958.1      46.4    -278.5    -154.5
  0.020    4.3432   +0.0000    0.0033    0.002    1450.3     276.9    1571.1      46.4     109.6     218.8
  0.030    4.3431   -0.0001    0.0053    0.003    1450.0     255.1    1820.4      46.4    -161.8     -36.4
  0.040    4.3431   -0.0001    0.0083    0.004    1449.9     257.3    1502.3      46.4     158.5     264.7
  0.050    4.3431   -0.0000    0.0122    0.004    1449.8     266.3    2086.4      46.4    -416.7    -273.0
  0.060    4.3432   +0.0000    0.0170    0.005    1449.7     277.8    1691.3      46.4     -10.2     102.6
  0.070    4.3432   +0.0001    0.0228    0.006    1449.5     283.8    2116.8      46.4    -429.8    -296.7
  0.080    4.3431   -0.0000    0.0296    0.007    1449.8     266.7    1518.3      46.4     151.8     245.8
  0.090    4.3432   +0.0000    0.0375    0.008    1450.0     270.7    1796.1      46.4    -121.8       8.8
  0.100    4.3431   -0.0001    0.0464    0.008    1450.6     256.0    1683.6      46.4     -23.5      97.3
  0.240    4.3433   +0.0001    0.2556    0.019    1463.3     322.1    1816.8      46.4     -77.8      14.6
  0.490    4.3435   +0.0004    0.9200    0.040    1512.0     534.5    2001.9      46.4      -1.9     -28.0
  0.740    4.1104   -0.2327    1.5326    3.518    1553.4    1928.2    2016.9      46.4    1418.3     -11.8
  0.990    4.2661   -0.0771    1.6967    1.384    1559.9     871.1    2939.1      46.4    -554.6    -754.8
  1.240    4.3410   -0.0021    1.5821    0.019    1551.5      56.5    1879.0      46.4    -317.4     -70.9
  1.490    4.0812   -0.2619    1.5663    3.864    1548.7    1829.9    1895.9      46.4    1436.2      90.5
  1.739    4.3338   -0.0094    1.4209    0.047    1537.6       0.0    1801.9      46.4    -310.7     366.5
  1.989    4.2138   -0.1293    1.3916    2.119    1534.0    1063.2    1568.0      46.4     982.8     165.7

── summary ──
z_gap  t=0 4.3432  min 3.9491 (t=0.89)  max 4.3436 (t=0.48)  final 4.2383
gap deficit vs L_off_nom: min -0.3940  max +0.0005
hub_lat t=0 0.0016  max 1.6967 (t=0.99)  final 1.3883
tilt_deg max 5.297   cone_total min 0.00  final 1066.65
cone first < 1.0 N at t=0.96 s (then dead 4% of samples)
axial budget residual: max |F_pred − F_meas| = 1985.46 N
csv: /home/rodbot/Documents/GitHub/KiteTurbineDynamics.jl/scratch/../.julia_depot/logs/axialgap_island_1_notilt.csv
=== done ===
