═══ island_1  config=bridletilt_notorque  T=2.0 s  dt=1.999e-05 ═══
toggles: tilt_enabled=true bridles_use_tilt=true bridle_axial_torque=false
L_off_nom = r_hub/tan(31deg) = 4.3432 m   r_hub = 2.610   m_hub = 9.4645 kg

      t     z_gap  gap-Loff   hub_lat     tilt  F_thrust  F_bridle    F_trpt    F_grav    F_pred    F_meas
  0.000    4.3432   +0.0001    0.0016    0.003    1451.3     281.8    1799.1      46.4    -112.5       6.6
  0.010    4.3432   +0.0000    0.0020    0.003    1450.8     275.3    1958.1      46.4    -278.5    -154.4
  0.020    4.3432   +0.0000    0.0032    0.004    1450.3     276.9    1570.9      46.4     109.8     219.0
  0.030    4.3431   -0.0001    0.0053    0.005    1450.0     255.0    1820.5      46.4    -161.9     -36.5
  0.040    4.3431   -0.0001    0.0082    0.006    1449.9     257.3    1502.0      46.4     158.8     265.0
  0.050    4.3431   -0.0000    0.0120    0.007    1449.8     266.3    2088.1      46.4    -418.4    -274.6
  0.060    4.3432   +0.0000    0.0168    0.009    1449.7     277.7    1690.1      46.4      -9.1     103.6
  0.070    4.3432   +0.0001    0.0226    0.010    1449.5     283.8    2115.1      46.4    -428.2    -295.3
  0.080    4.3431   -0.0000    0.0292    0.011    1449.8     266.5    1518.8      46.4     151.1     245.0
  0.090    4.3432   +0.0000    0.0370    0.012    1450.0     270.7    1796.3      46.4    -122.1       8.8
  0.100    4.3431   -0.0001    0.0456    0.014    1450.5     255.7    1681.7      46.4     -21.9      98.7
  0.240    4.3433   +0.0001    0.2449    0.030    1462.3     311.5    1830.0      46.4    -102.6      -0.2
  0.490    4.3436   +0.0004    0.8437    0.058    1505.6     483.8    1959.2      46.4     -16.3     -16.7
  0.740    4.2815   -0.0617    1.3050    1.738    1538.4    1096.9    1542.8      46.4    1046.1     392.3
  0.990    4.3270   -0.0162    1.2617    0.501    1524.7     353.3    1225.7      46.4     606.0     621.8
  1.240    4.3322   -0.0110    1.3736    0.323    1527.3     187.8    1920.2      46.4    -251.5    -133.5
  1.490    4.3205   -0.0227    1.5239    0.743    1525.7     615.5    1767.4      46.4     327.4      -5.8
  1.739    4.3007   -0.0424    1.4883    1.240    1510.7     697.5    2714.4      46.4    -552.6    -755.3
  1.989    4.3379   -0.0053    1.3679    0.187    1501.3     234.2    2423.1      46.4    -733.9    -524.0

── summary ──
z_gap  t=0 4.3432  min 4.2540 (t=0.88)  max 4.3437 (t=0.61)  final 4.3346
gap deficit vs L_off_nom: min -0.0891  max +0.0005
hub_lat t=0 0.0016  max 1.5243 (t=1.45)  final 1.3697
tilt_deg max 2.290   cone_total min 87.27  final 229.83
cone never drops below 1.0 N
axial budget residual: max |F_pred − F_meas| = 821.20 N
csv: /home/rodbot/Documents/GitHub/KiteTurbineDynamics.jl/scratch/../.julia_depot/logs/axialgap_island_1_bridletilt_notorque.csv
=== done ===
