═══ island_3  config=default  T=2.0 s  dt=2.325e-05 ═══
toggles: tilt_enabled=true bridles_use_tilt=false bridle_axial_torque=true
L_off_nom = r_hub/tan(31deg) = 5.9010 m   r_hub = 3.546   m_hub = 2.9735 kg

      t     z_gap  gap-Loff   hub_lat     tilt  F_thrust  F_bridle    F_trpt    F_grav    F_pred    F_meas
  0.000    5.9010   +0.0000    0.0025    0.000    1389.1     121.7    1584.2      14.6     -87.9      -0.2
  0.010    5.9010   -0.0000    0.0032    0.001    1390.3     120.5    1620.4      14.6    -124.2     -28.9
  0.020    5.9011   +0.0000    0.0053    0.002    1391.7     125.8    1605.5      14.6    -102.6      -6.1
  0.030    5.9010   -0.0000    0.0086    0.004    1393.4     115.1    1531.3      14.6     -37.4      50.0
  0.040    5.9009   -0.0001    0.0133    0.006    1395.5     103.9    1532.7      14.6     -47.9      40.2
  0.050    5.9010   -0.0000    0.0197    0.008    1397.4     120.1    1646.9      14.6    -143.9     -49.5
  0.060    5.9011   +0.0001    0.0273    0.009    1399.0     140.4    1694.4      14.6    -169.6     -75.5
  0.070    5.9011   +0.0001    0.0361    0.011    1400.9     139.8    1560.2      14.6     -34.1      38.5
  0.080    5.9009   -0.0001    0.0457    0.012    1403.4     125.3    1505.2      14.6       8.9      77.3
  0.090    5.9009   -0.0001    0.0562    0.013    1405.9     124.2    1624.5      14.6    -109.0     -18.8
  0.100    5.9011   +0.0000    0.0675    0.014    1408.0     136.8    1678.4      14.6    -148.2     -59.8
  0.240    5.9011   +0.0001    0.3003    0.026    1445.8     213.5    1664.1      14.6     -19.4      -5.0
  0.490    5.9013   +0.0003    0.7946    0.030    1513.6     259.4    1761.4      14.6      -3.0       1.2
  0.740    5.9007   -0.0003    1.0825    0.028    1555.1     185.5    1805.5      14.6     -79.4       2.1
  0.990    5.9007   -0.0004    1.0894    0.019    1568.4     145.9    1795.7      14.6     -95.9      -3.0
  1.240    5.9011   +0.0001    1.1088    0.012    1579.2     137.8    1809.3      14.6    -106.9      -4.8
  1.489    5.9004   -0.0007    1.1006    0.020    1584.5     117.8    1797.0      14.6    -109.3       5.4
  1.739    5.9012   +0.0001    1.1134    0.010    1589.5     146.7    1812.5      14.6     -90.9       4.1
  1.989    5.9007   -0.0003    1.1043    0.017    1591.3     128.7    1814.0      14.6    -108.6       0.9

── summary ──
z_gap  t=0 5.9010  min 5.8987 (t=0.89)  max 5.9014 (t=0.66)  final 5.9010
gap deficit vs L_off_nom: min -0.0024  max +0.0004
hub_lat t=0 0.0025  max 1.1221 (t=1.32)  final 1.1046
tilt_deg max 0.055   cone_total min 121.25  final 142.16
cone never drops below 1.0 N
axial budget residual: max |F_pred − F_meas| = 139.55 N
csv: /home/rodbot/Documents/GitHub/KiteTurbineDynamics.jl/scratch/../.julia_depot/logs/axialgap_island_3_default.csv
=== done ===
