═══ island_1  config=tilt_hub_only  T=2.0 s  dt=1.999e-05 ═══
toggles: tilt_enabled=true tilt_scope=hub bridle_axial_torque=true expansion_aero=true off=Int64[]
L_off_nom = r_hub/tan(31deg) = 4.3432 m   r_hub = 2.610   m_hub = 9.4645 kg

      t     z_gap  gap-Loff   hub_lat     tilt  F_thrust  F_bridle    F_trpt    F_grav    F_pred    F_meas
  0.000    4.3432   +0.0001    0.0016    0.003    1451.3     281.8    1799.1      46.4    -112.5       6.6
  0.010    4.3432   +0.0000    0.0020    0.003    1450.8     275.3    1958.0      46.4    -278.4    -154.3
  0.020    4.3432   +0.0000    0.0033    0.004    1450.3     276.9    1571.7      46.4     109.1     218.4
  0.030    4.3431   -0.0001    0.0053    0.005    1450.0     255.0    1819.8      46.4    -161.2     -35.8
  0.040    4.3431   -0.0001    0.0083    0.006    1449.9     257.3    1502.8      46.4     158.0     264.2
  0.050    4.3431   -0.0000    0.0121    0.007    1449.8     266.2    2085.4      46.4    -415.8    -272.3
  0.060    4.3432   +0.0000    0.0170    0.009    1449.7     277.9    1692.3      46.4     -11.0     102.0
  0.070    4.3432   +0.0001    0.0228    0.010    1449.5     283.7    2115.5      46.4    -428.7    -295.6
  0.080    4.3431   -0.0000    0.0295    0.011    1449.8     266.7    1515.3      46.4     154.8     248.4
  0.090    4.3432   +0.0000    0.0374    0.013    1450.0     270.3    1805.1      46.4    -131.2       0.0
  0.100    4.3431   -0.0001    0.0463    0.014    1450.6     256.2    1676.0      46.4     -15.7     104.7
  0.240    4.3433   +0.0001    0.2541    0.032    1463.1     312.9    1827.0      46.4     -97.5       4.7
  0.490    4.3436   +0.0004    0.9099    0.066    1510.3     526.0    1990.4      46.4      -0.5     -24.4
  0.740    4.2513   -0.0919    1.4820    2.416    1546.8    1501.5    1726.5      46.4    1275.4     269.5
  0.990    4.2949   -0.0482    1.7504    1.319    1545.3     563.3    2017.6      46.4      44.6     -25.3
  1.240    4.3334   -0.0097    1.9997    0.292    1537.0     119.1    2301.3      46.4    -691.7    -341.0
  1.490    4.2794   -0.0637    2.2364    1.822    1525.7    1279.9    1290.3      46.4    1468.9     531.9
  1.739    4.2507   -0.0925    2.2834    2.301    1513.9     899.5    2855.1      46.4    -488.1    -936.5
  1.989    4.3301   -0.0131    2.2354    0.384    1516.8      16.0    2441.9      46.4    -955.5    -493.9

── summary ──
z_gap  t=0 4.3432  min 4.1767 (t=0.88)  max 4.3436 (t=0.48)  final 4.3189
gap deficit vs L_off_nom: min -0.1665  max +0.0004
hub_lat t=0 0.0016  max 2.3672 (t=1.84)  final 2.2342
tilt_deg max 3.722   cone_total min 0.00  final 190.81
cone first < 1.0 N at t=1.10 s (then dead 0% of samples)
axial budget residual: max |F_pred − F_meas| = 1474.35 N
csv: /home/rodbot/Documents/GitHub/KiteTurbineDynamics.jl/scratch/../.julia_depot/logs/axialgap_island_1_tilt_hub_only.csv
=== done ===
