═══ island_1  config=noexp_aero  T=2.0 s  dt=1.999e-05 ═══
toggles: tilt_enabled=true tilt_scope=all bridle_axial_torque=true expansion_aero=false off=Int64[]
L_off_nom = r_hub/tan(31deg) = 4.3432 m   r_hub = 2.610   m_hub = 9.4645 kg

      t     z_gap  gap-Loff   hub_lat     tilt  F_thrust  F_bridle    F_trpt    F_grav    F_pred    F_meas
  0.000    4.3432   +0.0001    0.0016    0.003    1451.3     282.0    1802.3      46.4    -115.5       3.6
  0.010    4.3432   +0.0000    0.0020    0.003    1450.8     275.5    1961.3      46.4    -281.4    -157.3
  0.020    4.3432   +0.0000    0.0032    0.004    1450.3     277.4    1577.5      46.4     103.8     213.1
  0.030    4.3431   -0.0001    0.0053    0.005    1450.2     255.8    1831.2      46.4    -171.7     -46.2
  0.040    4.3431   -0.0001    0.0082    0.006    1450.1     257.9    1502.7      46.4     159.0     264.7
  0.050    4.3431   -0.0000    0.0120    0.007    1450.0     267.5    2098.5      46.4    -427.4    -283.1
  0.060    4.3432   +0.0000    0.0168    0.009    1450.0     277.6    1691.0      46.4      -9.8     102.5
  0.070    4.3432   +0.0001    0.0225    0.010    1449.8     283.9    2107.6      46.4    -420.3    -287.9
  0.080    4.3431   -0.0000    0.0292    0.011    1450.1     267.3    1524.6      46.4     146.3     240.5
  0.090    4.3432   +0.0000    0.0369    0.013    1450.4     272.0    1790.1      46.4    -114.1      16.1
  0.100    4.3431   -0.0001    0.0456    0.014    1451.0     256.6    1697.4      46.4     -36.3      85.0
  0.240    4.3433   +0.0001    0.2444    0.031    1463.0     313.8    1835.6      46.4    -105.1      -1.8
  0.490    4.3436   +0.0004    0.8379    0.058    1504.9     487.3    1961.9      46.4     -16.1     -15.5
  0.740    4.2841   -0.0591    1.2854    1.678    1533.4    1070.5    1512.2      46.4    1045.2     411.8
  0.990    4.3252   -0.0179    1.2341    0.561    1515.1     393.1    1816.6      46.4      45.2      65.0
  1.240    4.3358   -0.0074    1.3117    0.240    1511.3     210.0    2632.9      46.4    -958.0    -696.0
  1.490    4.3208   -0.0224    1.4068    0.717    1506.3     541.5    2137.4      46.4    -136.0    -322.6
  1.739    4.3210   -0.0222    1.4253    0.654    1496.9     285.4     955.5      46.4     780.3     702.7
  1.989    4.3400   -0.0032    1.3939    0.124    1490.4     260.0    2045.6      46.4    -341.7    -159.8

── summary ──
z_gap  t=0 4.3432  min 4.2549 (t=0.88)  max 4.3437 (t=0.61)  final 4.3384
gap deficit vs L_off_nom: min -0.0883  max +0.0005
hub_lat t=0 0.0016  max 1.4320 (t=1.71)  final 1.3900
tilt_deg max 2.272   cone_total min 75.44  final 276.17
cone never drops below 1.0 N
axial budget residual: max |F_pred − F_meas| = 836.84 N
csv: /home/rodbot/Documents/GitHub/KiteTurbineDynamics.jl/scratch/../.julia_depot/logs/axialgap_island_1_noexp_aero.csv
=== done ===
