═══ island_1  config=ring9only  T=2.0 s  dt=1.999e-05 ═══
toggles: tilt_enabled=true tilt_scope=all bridle_axial_torque=true expansion_aero=true off=[8]
L_off_nom = r_hub/tan(31deg) = 4.3432 m   r_hub = 2.610   m_hub = 9.4645 kg

      t     z_gap  gap-Loff   hub_lat     tilt  F_thrust  F_bridle    F_trpt    F_grav    F_pred    F_meas
  0.000    4.3432   +0.0001    0.0016    0.003    1451.3     282.1    1803.5      46.4    -116.6       2.5
  0.010    4.3432   +0.0000    0.0020    0.003    1450.7     275.6    1961.7      46.4    -281.7    -157.7
  0.020    4.3432   +0.0000    0.0032    0.004    1450.2     277.6    1579.6      46.4     101.8     211.2
  0.030    4.3431   -0.0001    0.0053    0.005    1450.0     255.9    1831.3      46.4    -171.9     -46.5
  0.040    4.3431   -0.0001    0.0082    0.006    1449.9     257.9    1501.2      46.4     160.1     265.8
  0.050    4.3431   -0.0000    0.0120    0.007    1449.7     267.4    2098.6      46.4    -427.8    -283.4
  0.060    4.3432   +0.0000    0.0168    0.009    1449.6     277.8    1692.7      46.4     -11.8     100.7
  0.070    4.3432   +0.0001    0.0225    0.010    1449.4     283.8    2107.6      46.4    -420.8    -288.3
  0.080    4.3431   -0.0000    0.0292    0.011    1449.6     267.5    1520.0      46.4     150.7     244.8
  0.090    4.3432   +0.0000    0.0369    0.013    1449.8     272.0    1792.1      46.4    -116.7      13.8
  0.100    4.3431   -0.0001    0.0456    0.014    1450.3     256.7    1693.0      46.4     -32.4      88.7
  0.240    4.3433   +0.0001    0.2445    0.031    1461.5     314.1    1836.1      46.4    -106.8      -3.2
  0.490    4.3436   +0.0004    0.8381    0.058    1502.6     485.3    1959.2      46.4     -17.7     -16.1
  0.740    4.2828   -0.0603    1.2882    1.705    1531.2    1064.0    1440.5      46.4    1108.2     482.3
  0.990    4.3260   -0.0172    1.2376    0.537    1513.6     380.3    2806.5      46.4    -959.1    -834.7
  1.240    4.3360   -0.0071    1.3421    0.228    1511.6     199.6    3688.8      46.4   -2024.1   -1721.3
  1.490    4.3184   -0.0247    1.4546    0.775    1507.8     540.0    1502.9      46.4     498.4     295.8
  1.739    4.3148   -0.0284    1.4802    0.856    1500.1     431.9    3023.7      46.4   -1138.1   -1139.0
  1.989    4.3373   -0.0058    1.3584    0.184    1493.7     143.3    2371.9      46.4    -781.3    -530.4

── summary ──
z_gap  t=0 4.3432  min 4.2557 (t=0.88)  max 4.3437 (t=0.61)  final 4.3346
gap deficit vs L_off_nom: min -0.0875  max +0.0005
hub_lat t=0 0.0016  max 1.4832 (t=1.72)  final 1.3639
tilt_deg max 2.251   cone_total min 70.43  final 202.69
cone never drops below 1.0 N
axial budget residual: max |F_pred − F_meas| = 863.07 N
csv: /home/rodbot/Documents/GitHub/KiteTurbineDynamics.jl/scratch/../.julia_depot/logs/axialgap_island_1_ring9only.csv
=== done ===
