═══ island_1  config=ring8only  T=2.0 s  dt=1.999e-05 ═══
toggles: tilt_enabled=true tilt_scope=all bridle_axial_torque=true expansion_aero=true off=[9]
L_off_nom = r_hub/tan(31deg) = 4.3432 m   r_hub = 2.610   m_hub = 9.4645 kg

      t     z_gap  gap-Loff   hub_lat     tilt  F_thrust  F_bridle    F_trpt    F_grav    F_pred    F_meas
  0.000    4.3432   +0.0001    0.0016    0.003    1451.3     281.7    1798.0      46.4    -111.4       7.7
  0.010    4.3432   +0.0000    0.0020    0.003    1450.8     275.2    1957.7      46.4    -278.2    -154.1
  0.020    4.3432   +0.0000    0.0032    0.004    1450.4     276.7    1568.9      46.4     111.8     220.9
  0.030    4.3431   -0.0001    0.0053    0.005    1450.2     255.0    1820.4      46.4    -161.6     -36.2
  0.040    4.3431   -0.0001    0.0082    0.006    1450.2     257.3    1503.3      46.4     157.8     264.0
  0.050    4.3431   -0.0000    0.0120    0.007    1450.1     266.3    2088.7      46.4    -418.7    -275.0
  0.060    4.3432   +0.0000    0.0168    0.009    1450.1     277.5    1688.0      46.4      -6.8     105.7
  0.070    4.3432   +0.0001    0.0225    0.010    1449.9     283.9    2113.9      46.4    -426.5    -293.6
  0.080    4.3431   -0.0000    0.0292    0.011    1450.3     266.2    1523.8      46.4     146.3     240.4
  0.090    4.3432   +0.0000    0.0369    0.012    1450.5     270.7    1794.7      46.4    -119.8      10.7
  0.100    4.3431   -0.0001    0.0456    0.014    1451.2     255.6    1686.3      46.4     -25.9      94.8
  0.240    4.3433   +0.0001    0.2449    0.030    1463.8     311.2    1830.9      46.4    -102.3      -0.1
  0.490    4.3436   +0.0004    0.8434    0.058    1507.9     485.6    1962.5      46.4     -15.4     -16.8
  0.740    4.2829   -0.0602    1.3023    1.709    1540.0    1101.8    1470.9      46.4    1124.5     460.0
  0.990    4.3265   -0.0167    1.2574    0.527    1524.5     395.7    1248.0      46.4     625.8     621.0
  1.240    4.3322   -0.0109    1.3499    0.337    1525.9     220.6    4255.0      46.4   -2554.9   -2204.0
  1.490    4.3237   -0.0195    1.4425    0.652    1524.3     580.8    1288.1      46.4     770.5     459.8
  1.739    4.3088   -0.0343    1.4349    1.038    1514.4     621.5    2557.3      46.4    -467.9    -631.7
  1.989    4.3370   -0.0062    1.2824    0.213    1504.5     222.0    2041.9      46.4    -361.8    -164.4

── summary ──
z_gap  t=0 4.3432  min 4.2534 (t=0.88)  max 4.3437 (t=0.60)  final 4.3339
gap deficit vs L_off_nom: min -0.0898  max +0.0005
hub_lat t=0 0.0016  max 1.4439 (t=1.44)  final 1.2839
tilt_deg max 2.308   cone_total min 64.60  final 205.92
cone never drops below 1.0 N
axial budget residual: max |F_pred − F_meas| = 825.19 N
csv: /home/rodbot/Documents/GitHub/KiteTurbineDynamics.jl/scratch/../.julia_depot/logs/axialgap_island_1_ring8only.csv
=== done ===
