=== early trace island_1  (lines=3 rings=10 n_active=3)  T=20 s  dt=1.999e-05 ===
t=  0.1  bridle=(  47.5   90.0   78.7)  cyan= 185.0  topbay= 596.0  hub_lat=0.0117
t=  1.1  bridle=(   0.0    0.0    0.0)  cyan= 223.2  topbay= 918.9  hub_lat=1.4073
t=  2.1  bridle=(   0.0    0.0    0.0)  cyan= 123.7  topbay= 716.3  hub_lat=1.8147
t=  3.1  bridle=(   0.0    0.0    0.0)  cyan= 259.4  topbay= 559.0  hub_lat=1.3331
t=  4.1  bridle=(   0.0    0.0    0.0)  cyan= 236.7  topbay= 256.9  hub_lat=1.7239
t=  5.1  bridle=(   0.0    0.0    0.0)  cyan= 140.4  topbay= 761.0  hub_lat=1.4657
t=  6.1  bridle=(   0.0    0.0    0.0)  cyan= 172.2  topbay= 762.0  hub_lat=1.3327
t=  7.1  bridle=(   0.0    0.0    0.0)  cyan= 465.0  topbay= 506.3  hub_lat=1.3638
t=  8.1  bridle=(   0.0    0.0    0.0)  cyan= 108.2  topbay= 973.7  hub_lat=1.4370
t=  9.1  bridle=(   0.0    0.0    0.0)  cyan= 272.7  topbay= 622.6  hub_lat=1.1291
t= 10.1  bridle=(   0.0    0.0    0.0)  cyan= 294.3  topbay= 932.5  hub_lat=1.6260
t= 11.1  bridle=(   0.0    0.0    0.0)  cyan= 448.5  topbay= 532.6  hub_lat=1.4455
t= 12.1  bridle=(   0.0    0.0    0.0)  cyan= 305.2  topbay= 400.4  hub_lat=1.4261
t= 13.1  bridle=(   0.0    0.0    0.0)  cyan= 344.4  topbay=1016.8  hub_lat=1.5188
t= 14.1  bridle=(   0.0    0.0    0.0)  cyan= 192.1  topbay= 194.3  hub_lat=1.3088
t= 15.1  bridle=(   0.0    0.0    0.0)  cyan= 295.8  topbay= 403.0  hub_lat=1.5356
t= 16.1  bridle=(   0.0    0.0    0.0)  cyan= 185.5  topbay= 407.5  hub_lat=1.3632
t= 17.1  bridle=(   0.0    0.0    0.0)  cyan= 123.3  topbay= 496.9  hub_lat=1.3008
t= 18.1  bridle=(   0.0    0.0    0.0)  cyan= 201.2  topbay= 764.3  hub_lat=0.8653
t= 19.1  bridle=(   0.0    0.0    0.0)  cyan=  60.1  topbay= 231.0  hub_lat=1.0865
ran 20 s in 37.6 s wall; 399 samples; csv=/home/rod/Documents/GitHub/KiteTurbineDynamics.jl/scratch/../.julia_depot/logs/early_island_1.csv
=== done ===
