machine-evolution-strip / extract-best-so-far
generated: 2026-10-09T11:50:33.372
run-id: strip-extract-2026-10-09-best-so-far
dataset: v13_5kw_masslift_len18.8_rotorcount_bankderate2 | data commit dd3cc6a | launch a76c5e9
physics era: post-95c385d_wind-authority
computing commit: a6d2dc67d775919f41cb386f6a63d3d4c231690b
worktree: dirty (other seats' files present; this extract reads only committed data + src)
inputs: telemetry sha256 34d40e8ea960a1e04c83df58df9e24047cfcf7eb3deff3278807f1147b8d60b0 | best_vector sha256 a1d51064a18c42519717352f969931bd2ceb2817fa3e5b330a69545b26812a3e

rows: 310 | ok: 194 | gens 0..30

SELECTION
  proposed (figures seat, 2026-10-09): [0, 5, 10, 15, 20, 25, 26]
  amended  (aero-validator, 2026-10-09): [0, 6, 10, 18, 22, 25, 26]  — the milestone cut repeats machines at M0=M5 and M10=M15
  rule: best-so-far = minimal recorded fitness among ok rows, gen <= G;
        ties -> earliest (gen, idx); no interpolation, no reconstruction

  proposed milestones, for the record:
    M0   -> g0 i1  fitness=36.109
    M5   -> g0 i1  fitness=36.109
    M10  -> g10 i7  fitness=31.661
    M15  -> g10 i7  fitness=31.661
    M20  -> g18 i4  fitness=30.929
    M25  -> g25 i8  fitness=28.315
    M26  -> g26 i9  fitness=27.364

PANELS (selected -> source row)
  panel  selected  label       source   fitness   P_mean  FoS    n_lines rings n_active r_hub
  1      0         i3-g0-i1    g0  i1   36.109    5.85    13.34  3       9     1        4.32
  2      6         i3-g6-i2    g6  i2   32.293    5.42    10.6   3       5     1        4.725
  3      10        i3-g10-i7   g10 i7   31.661    5.89    8.51   3       7     1        4.357
  4      18        i3-g18-i4   g18 i4   30.929    5.78    10.02  3       5     1        4.288
  5      22        i3-g22-i10  g22 i10  29.854    5.76    10.15  3       5     1        4.371
  6      25        i3-g25-i8   g25 i8   28.315    5.51    14.79  3       5     1        4.45
  7      26        i3-g26-i9   g26 i9   27.364    5.31    14.97  3       6     1        4.58

PARITY CERTIFICATE
  [1] seed row identity across islands 1-3 (fitness + raw genes): PASS
  [2] final panel is the recorded winner (g26 i9): PASS  (telemetry 27.364; meta 27.3635412663488; global marker island 3 27.3635412663488)
  [3] winner genome: best_vector.csv == telemetry rounding: PASS  (exact format matches 10/10; max |delta| = 4.972e-07)
  [4] running-best monotone non-increasing; every selected row is ok in window: PASS
  [5] convergence.csv matches the row-derived running best at gen i for i=1..30 (3 dp): PASS
  [6] seven distinct panels, strictly decreasing: PASS  ((0, 1) -> (6, 2) -> (10, 7) -> (18, 4) -> (22, 10) -> (25, 8) -> (26, 9))

OUTPUTS
  extract-best-so-far.csv — sha256 f52a5a99600b1150274142651f7e2d5955c4b86b07056743b690a8f2efdd62ad
  F-REPRO: the CSV is a pure function of the data commit, SELECTED and this
  script; a rerun at the same computing commit reproduces it byte-identically
  (the computing-commit header line tracks the tree, by design).
