  Activating project at `~/Documents/GitHub/KiteTurbineDynamics.jl`
┌ Info: Pitch Depower Campaign V4
│   n_runs = 128
│   threads = 32
└   smoke_test = false
┌ Info: Results directory
└   RESULTS_DIR = "/home/rod/Documents/GitHub/KiteTurbineDynamics.jl/scripts/results/pitch_depower_campaign_v4"
[ Info: Run    1 /  128  [2556 s elapsed, ETA 5410 min]
[ Info: Run    2 /  128  [2569 s elapsed, ETA 2697 min]
[ Info: Run    3 /  128  [3225 s elapsed, ETA 2239 min]
[ Info: Run    4 /  128  [3241 s elapsed, ETA 1674 min]
[ Info: Run    5 /  128  [3241 s elapsed, ETA 1329 min]
[ Info: Run    6 /  128  [3244 s elapsed, ETA 1099 min]
[ Info: Run    7 /  128  [3244 s elapsed, ETA 935 min]
[ Info: Run    8 /  128  [3246 s elapsed, ETA 812 min]
[ Info: Run    9 /  128  [3247 s elapsed, ETA 716 min]
[ Info: Run   10 /  128  [3248 s elapsed, ETA 639 min]
[ Info: Run   11 /  128  [3249 s elapsed, ETA 576 min]
[ Info: Run   12 /  128  [3249 s elapsed, ETA 523 min]
[ Info: Run   13 /  128  [3249 s elapsed, ETA 479 min]
[ Info: Run   14 /  128  [3250 s elapsed, ETA 441 min]
[ Info: Run   15 /  128  [3250 s elapsed, ETA 408 min]
[ Info: Run   16 /  128  [3252 s elapsed, ETA 379 min]
[ Info: Run   17 /  128  [3252 s elapsed, ETA 354 min]
[ Info: Run   18 /  128  [3253 s elapsed, ETA 331 min]
[ Info: Run   19 /  128  [3254 s elapsed, ETA 311 min]
[ Info: Run   20 /  128  [3254 s elapsed, ETA 293 min]
[ Info: Run   21 /  128  [3254 s elapsed, ETA 276 min]
[ Info: Run   22 /  128  [3255 s elapsed, ETA 261 min]
[ Info: Run   23 /  128  [3256 s elapsed, ETA 248 min]
[ Info: Run   24 /  128  [3257 s elapsed, ETA 235 min]
[ Info: Run   25 /  128  [3257 s elapsed, ETA 224 min]
[ Info: Run   26 /  128  [3258 s elapsed, ETA 213 min]
[ Info: Run   27 /  128  [3259 s elapsed, ETA 203 min]
[ Info: Run   28 /  128  [3259 s elapsed, ETA 194 min]
[ Info: Run   29 /  128  [3260 s elapsed, ETA 185 min]
[ Info: Run   30 /  128  [3260 s elapsed, ETA 177 min]
[ Info: Run   31 /  128  [3266 s elapsed, ETA 170 min]
[ Info: Run   32 /  128  [3267 s elapsed, ETA 163 min]
[ Info: Run   33 /  128  [5090 s elapsed, ETA 244 min]
[ Info: Run   34 /  128  [5115 s elapsed, ETA 236 min]
[ Info: Run   35 /  128  [6439 s elapsed, ETA 285 min]
[ Info: Run   36 /  128  [6471 s elapsed, ETA 276 min]
[ Info: Run   37 /  128  [6471 s elapsed, ETA 265 min]
[ Info: Run   38 /  128  [6473 s elapsed, ETA 255 min]
[ Info: Run   39 /  128  [6475 s elapsed, ETA 246 min]
[ Info: Run   40 /  128  [6481 s elapsed, ETA 238 min]
[ Info: Run   41 /  128  [6481 s elapsed, ETA 229 min]
[ Info: Run   42 /  128  [6482 s elapsed, ETA 221 min]
[ Info: Run   43 /  128  [6483 s elapsed, ETA 214 min]
[ Info: Run   44 /  128  [6486 s elapsed, ETA 206 min]
[ Info: Run   45 /  128  [6486 s elapsed, ETA 199 min]
[ Info: Run   46 /  128  [6486 s elapsed, ETA 193 min]
[ Info: Run   47 /  128  [6486 s elapsed, ETA 186 min]
[ Info: Run   48 /  128  [6487 s elapsed, ETA 180 min]
[ Info: Run   49 /  128  [6487 s elapsed, ETA 174 min]
[ Info: Run   50 /  128  [6488 s elapsed, ETA 169 min]
[ Info: Run   51 /  128  [6489 s elapsed, ETA 163 min]
[ Info: Run   52 /  128  [6490 s elapsed, ETA 158 min]
[ Info: Run   53 /  128  [6491 s elapsed, ETA 153 min]
[ Info: Run   54 /  128  [6492 s elapsed, ETA 148 min]
[ Info: Run   55 /  128  [6493 s elapsed, ETA 144 min]
[ Info: Run   56 /  128  [6496 s elapsed, ETA 139 min]
[ Info: Run   57 /  128  [6496 s elapsed, ETA 135 min]
[ Info: Run   58 /  128  [6496 s elapsed, ETA 131 min]
[ Info: Run   59 /  128  [6496 s elapsed, ETA 127 min]
[ Info: Run   60 /  128  [6500 s elapsed, ETA 123 min]
[ Info: Run   61 /  128  [6501 s elapsed, ETA 119 min]
[ Info: Run   62 /  128  [6502 s elapsed, ETA 115 min]
[ Info: Run   63 /  128  [6509 s elapsed, ETA 112 min]
[ Info: Run   64 /  128  [6512 s elapsed, ETA 109 min]
[ Info: Run   65 /  128  [7624 s elapsed, ETA 123 min]
[ Info: Run   66 /  128  [7658 s elapsed, ETA 120 min]
[ Info: Run   67 /  128  [9649 s elapsed, ETA 146 min]
[ Info: Run   68 /  128  [9692 s elapsed, ETA 143 min]
[ Info: Run   69 /  128  [9698 s elapsed, ETA 138 min]
[ Info: Run   70 /  128  [9700 s elapsed, ETA 134 min]
[ Info: Run   71 /  128  [9706 s elapsed, ETA 130 min]
[ Info: Run   72 /  128  [9708 s elapsed, ETA 126 min]
[ Info: Run   73 /  128  [9710 s elapsed, ETA 122 min]
[ Info: Run   74 /  128  [9710 s elapsed, ETA 118 min]
[ Info: Run   75 /  128  [9715 s elapsed, ETA 114 min]
[ Info: Run   76 /  128  [9716 s elapsed, ETA 111 min]
[ Info: Run   77 /  128  [9717 s elapsed, ETA 107 min]
[ Info: Run   78 /  128  [9721 s elapsed, ETA 104 min]
[ Info: Run   79 /  128  [9723 s elapsed, ETA 101 min]
[ Info: Run   80 /  128  [9723 s elapsed, ETA 97 min]
[ Info: Run   81 /  128  [9724 s elapsed, ETA 94 min]
[ Info: Run   82 /  128  [9725 s elapsed, ETA 91 min]
[ Info: Run   83 /  128  [9725 s elapsed, ETA 88 min]
[ Info: Run   84 /  128  [9725 s elapsed, ETA 85 min]
[ Info: Run   85 /  128  [9726 s elapsed, ETA 82 min]
[ Info: Run   86 /  128  [9726 s elapsed, ETA 79 min]
[ Info: Run   87 /  128  [9727 s elapsed, ETA 76 min]
[ Info: Run   88 /  128  [9729 s elapsed, ETA 74 min]
[ Info: Run   89 /  128  [9730 s elapsed, ETA 71 min]
[ Info: Run   90 /  128  [9731 s elapsed, ETA 68 min]
[ Info: Run   91 /  128  [9731 s elapsed, ETA 66 min]
[ Info: Run   92 /  128  [9735 s elapsed, ETA 63 min]
[ Info: Run   93 /  128  [9737 s elapsed, ETA 61 min]
[ Info: Run   94 /  128  [9739 s elapsed, ETA 59 min]
[ Info: Run   95 /  128  [9742 s elapsed, ETA 56 min]
[ Info: Run   96 /  128  [9753 s elapsed, ETA 54 min]
[ Info: Run   97 /  128  [10150 s elapsed, ETA 54 min]
[ Info: Run   98 /  128  [10207 s elapsed, ETA 52 min]
[ Info: Run   99 /  128  [12710 s elapsed, ETA 62 min]
[ Info: Run  100 /  128  [12747 s elapsed, ETA 59 min]
[ Info: Run  101 /  128  [12751 s elapsed, ETA 57 min]
[ Info: Run  102 /  128  [12757 s elapsed, ETA 54 min]
[ Info: Run  103 /  128  [12764 s elapsed, ETA 52 min]
[ Info: Run  104 /  128  [12765 s elapsed, ETA 49 min]
[ Info: Run  105 /  128  [12767 s elapsed, ETA 47 min]
[ Info: Run  106 /  128  [12770 s elapsed, ETA 44 min]
[ Info: Run  107 /  128  [12772 s elapsed, ETA 42 min]
[ Info: Run  108 /  128  [12772 s elapsed, ETA 39 min]
[ Info: Run  109 /  128  [12775 s elapsed, ETA 37 min]
[ Info: Run  110 /  128  [12777 s elapsed, ETA 35 min]
[ Info: Run  111 /  128  [12777 s elapsed, ETA 33 min]
[ Info: Run  112 /  128  [12777 s elapsed, ETA 30 min]
[ Info: Run  113 /  128  [12779 s elapsed, ETA 28 min]
[ Info: Run  114 /  128  [12779 s elapsed, ETA 26 min]
[ Info: Run  115 /  128  [12779 s elapsed, ETA 24 min]
[ Info: Run  116 /  128  [12779 s elapsed, ETA 22 min]
[ Info: Run  117 /  128  [12780 s elapsed, ETA 20 min]
[ Info: Run  118 /  128  [12780 s elapsed, ETA 18 min]
[ Info: Run  119 /  128  [12780 s elapsed, ETA 16 min]
[ Info: Run  120 /  128  [12780 s elapsed, ETA 14 min]
[ Info: Run  121 /  128  [12780 s elapsed, ETA 12 min]
[ Info: Run  122 /  128  [12780 s elapsed, ETA 10 min]
[ Info: Run  123 /  128  [12780 s elapsed, ETA 9 min]
[ Info: Run  124 /  128  [12781 s elapsed, ETA 7 min]
[ Info: Run  125 /  128  [12781 s elapsed, ETA 5 min]
[ Info: Run  126 /  128  [12782 s elapsed, ETA 3 min]
[ Info: Run  127 /  128  [12782 s elapsed, ETA 2 min]
[ Info: Run  128 /  128  [12782 s elapsed, ETA 0 min]
[ Info: Campaign V4 complete: 128 runs in 213.0 minutes
┌ Info: Summary CSV
└   metrics_path = "/home/rod/Documents/GitHub/KiteTurbineDynamics.jl/scripts/results/pitch_depower_campaign_v4/campaign_metrics.csv"
