  Activating project at `~/Documents/GitHub/KiteTurbineDynamics.jl`
┌ Info: Pitch Depower Campaign V2
│   n_runs = 512
│   threads = 32
└   smoke_test = false
┌ Info: Results directory
└   RESULTS_DIR = "/home/rod/Documents/GitHub/KiteTurbineDynamics.jl/scripts/results/pitch_depower_campaign"
[ Info: Run    1 /  512  [1942 s elapsed, ETA 16540 min]
[ Info: Run    2 /  512  [1945 s elapsed, ETA 8267 min]
[ Info: Run    3 /  512  [2480 s elapsed, ETA 7013 min]
[ Info: Run    4 /  512  [2490 s elapsed, ETA 5271 min]
[ Info: Run    5 /  512  [2494 s elapsed, ETA 4214 min]
[ Info: Run    6 /  512  [2494 s elapsed, ETA 3506 min]
[ Info: Run    7 /  512  [2495 s elapsed, ETA 3000 min]
[ Info: Run    8 /  512  [2496 s elapsed, ETA 2621 min]
[ Info: Run    9 /  512  [2497 s elapsed, ETA 2326 min]
[ Info: Run   10 /  512  [2497 s elapsed, ETA 2090 min]
[ Info: Run   11 /  512  [2499 s elapsed, ETA 1897 min]
[ Info: Run   12 /  512  [2499 s elapsed, ETA 1736 min]
[ Info: Run   13 /  512  [2500 s elapsed, ETA 1599 min]
[ Info: Run   14 /  512  [2500 s elapsed, ETA 1482 min]
[ Info: Run   15 /  512  [2500 s elapsed, ETA 1380 min]
[ Info: Run   16 /  512  [2501 s elapsed, ETA 1292 min]
[ Info: Run   17 /  512  [2501 s elapsed, ETA 1214 min]
[ Info: Run   18 /  512  [2502 s elapsed, ETA 1144 min]
[ Info: Run   19 /  512  [2502 s elapsed, ETA 1082 min]
[ Info: Run   20 /  512  [2503 s elapsed, ETA 1026 min]
[ Info: Run   21 /  512  [2503 s elapsed, ETA 975 min]
[ Info: Run   22 /  512  [2503 s elapsed, ETA 929 min]
[ Info: Run   23 /  512  [2503 s elapsed, ETA 887 min]
[ Info: Run   24 /  512  [2504 s elapsed, ETA 848 min]
[ Info: Run   25 /  512  [2504 s elapsed, ETA 813 min]
[ Info: Run   26 /  512  [2504 s elapsed, ETA 780 min]
[ Info: Run   27 /  512  [2506 s elapsed, ETA 750 min]
[ Info: Run   28 /  512  [2506 s elapsed, ETA 722 min]
[ Info: Run   29 /  512  [2507 s elapsed, ETA 696 min]
[ Info: Run   30 /  512  [2511 s elapsed, ETA 672 min]
[ Info: Run   31 /  512  [2512 s elapsed, ETA 650 min]
[ Info: Run   32 /  512  [2513 s elapsed, ETA 628 min]
[ Info: Run   33 /  512  [3892 s elapsed, ETA 942 min]
[ Info: Run   34 /  512  [3899 s elapsed, ETA 914 min]
[ Info: Run   35 /  512  [4967 s elapsed, ETA 1128 min]
[ Info: Run   36 /  512  [4986 s elapsed, ETA 1099 min]
[ Info: Run   37 /  512  [4990 s elapsed, ETA 1068 min]
[ Info: Run   38 /  512  [4993 s elapsed, ETA 1038 min]
[ Info: Run   39 /  512  [4996 s elapsed, ETA 1010 min]
[ Info: Run   40 /  512  [4998 s elapsed, ETA 983 min]
[ Info: Run   41 /  512  [4999 s elapsed, ETA 957 min]
[ Info: Run   42 /  512  [4999 s elapsed, ETA 932 min]
[ Info: Run   43 /  512  [4999 s elapsed, ETA 909 min]
[ Info: Run   44 /  512  [4999 s elapsed, ETA 886 min]
[ Info: Run   45 /  512  [5001 s elapsed, ETA 865 min]
[ Info: Run   46 /  512  [5002 s elapsed, ETA 845 min]
[ Info: Run   47 /  512  [5004 s elapsed, ETA 825 min]
[ Info: Run   48 /  512  [5004 s elapsed, ETA 806 min]
[ Info: Run   49 /  512  [5005 s elapsed, ETA 788 min]
[ Info: Run   50 /  512  [5005 s elapsed, ETA 771 min]
[ Info: Run   51 /  512  [5006 s elapsed, ETA 754 min]
[ Info: Run   52 /  512  [5007 s elapsed, ETA 738 min]
[ Info: Run   53 /  512  [5007 s elapsed, ETA 723 min]
[ Info: Run   54 /  512  [5008 s elapsed, ETA 708 min]
[ Info: Run   55 /  512  [5008 s elapsed, ETA 694 min]
[ Info: Run   56 /  512  [5009 s elapsed, ETA 680 min]
[ Info: Run   57 /  512  [5010 s elapsed, ETA 667 min]
[ Info: Run   58 /  512  [5010 s elapsed, ETA 654 min]
[ Info: Run   59 /  512  [5012 s elapsed, ETA 641 min]
[ Info: Run   60 /  512  [5013 s elapsed, ETA 629 min]
[ Info: Run   61 /  512  [5019 s elapsed, ETA 618 min]
[ Info: Run   62 /  512  [5020 s elapsed, ETA 607 min]
[ Info: Run   63 /  512  [5020 s elapsed, ETA 596 min]
[ Info: Run   64 /  512  [5021 s elapsed, ETA 586 min]
[ Info: Run   65 /  512  [5842 s elapsed, ETA 670 min]
[ Info: Run   66 /  512  [5855 s elapsed, ETA 659 min]
[ Info: Run   67 /  512  [7490 s elapsed, ETA 829 min]
[ Info: Run   68 /  512  [7519 s elapsed, ETA 818 min]
[ Info: Run   69 /  512  [7526 s elapsed, ETA 805 min]
[ Info: Run   70 /  512  [7528 s elapsed, ETA 792 min]
[ Info: Run   71 /  512  [7532 s elapsed, ETA 780 min]
[ Info: Run   72 /  512  [7536 s elapsed, ETA 768 min]
[ Info: Run   73 /  512  [7540 s elapsed, ETA 756 min]
[ Info: Run   74 /  512  [7540 s elapsed, ETA 744 min]
[ Info: Run   75 /  512  [7541 s elapsed, ETA 732 min]
[ Info: Run   76 /  512  [7542 s elapsed, ETA 721 min]
[ Info: Run   77 /  512  [7543 s elapsed, ETA 710 min]
[ Info: Run   78 /  512  [7543 s elapsed, ETA 700 min]
[ Info: Run   79 /  512  [7544 s elapsed, ETA 689 min]
[ Info: Run   80 /  512  [7544 s elapsed, ETA 679 min]
[ Info: Run   81 /  512  [7545 s elapsed, ETA 669 min]
[ Info: Run   82 /  512  [7546 s elapsed, ETA 659 min]
[ Info: Run   83 /  512  [7547 s elapsed, ETA 650 min]
[ Info: Run   84 /  512  [7549 s elapsed, ETA 641 min]
[ Info: Run   85 /  512  [7551 s elapsed, ETA 632 min]
[ Info: Run   86 /  512  [7552 s elapsed, ETA 623 min]
[ Info: Run   87 /  512  [7552 s elapsed, ETA 615 min]
[ Info: Run   88 /  512  [7553 s elapsed, ETA 607 min]
[ Info: Run   89 /  512  [7553 s elapsed, ETA 598 min]
[ Info: Run   90 /  512  [7556 s elapsed, ETA 590 min]
[ Info: Run   91 /  512  [7557 s elapsed, ETA 583 min]
[ Info: Run   92 /  512  [7562 s elapsed, ETA 575 min]
[ Info: Run   93 /  512  [7562 s elapsed, ETA 568 min]
[ Info: Run   94 /  512  [7563 s elapsed, ETA 561 min]
[ Info: Run   95 /  512  [7567 s elapsed, ETA 554 min]
[ Info: Run   96 /  512  [7572 s elapsed, ETA 547 min]
[ Info: Run   97 /  512  [7856 s elapsed, ETA 560 min]
[ Info: Run   98 /  512  [7884 s elapsed, ETA 555 min]
[ Info: Run   99 /  512  [9838 s elapsed, ETA 684 min]
[ Info: Run  100 /  512  [9868 s elapsed, ETA 678 min]
[ Info: Run  101 /  512  [10011 s elapsed, ETA 679 min]
[ Info: Run  102 /  512  [10056 s elapsed, ETA 674 min]
[ Info: Run  103 /  512  [10056 s elapsed, ETA 666 min]
[ Info: Run  104 /  512  [10061 s elapsed, ETA 658 min]
[ Info: Run  105 /  512  [10065 s elapsed, ETA 650 min]
[ Info: Run  106 /  512  [10068 s elapsed, ETA 643 min]
[ Info: Run  107 /  512  [10071 s elapsed, ETA 635 min]
[ Info: Run  108 /  512  [10075 s elapsed, ETA 628 min]
[ Info: Run  109 /  512  [10077 s elapsed, ETA 621 min]
[ Info: Run  110 /  512  [10079 s elapsed, ETA 614 min]
[ Info: Run  111 /  512  [10080 s elapsed, ETA 607 min]
[ Info: Run  112 /  512  [10080 s elapsed, ETA 600 min]
[ Info: Run  113 /  512  [10082 s elapsed, ETA 593 min]
[ Info: Run  114 /  512  [10084 s elapsed, ETA 587 min]
[ Info: Run  115 /  512  [10086 s elapsed, ETA 580 min]
[ Info: Run  116 /  512  [10087 s elapsed, ETA 574 min]
[ Info: Run  117 /  512  [10089 s elapsed, ETA 568 min]
[ Info: Run  118 /  512  [10090 s elapsed, ETA 562 min]
[ Info: Run  119 /  512  [10090 s elapsed, ETA 555 min]
[ Info: Run  120 /  512  [10091 s elapsed, ETA 549 min]
[ Info: Run  121 /  512  [10092 s elapsed, ETA 544 min]
[ Info: Run  122 /  512  [10093 s elapsed, ETA 538 min]
[ Info: Run  123 /  512  [10096 s elapsed, ETA 532 min]
[ Info: Run  124 /  512  [10097 s elapsed, ETA 527 min]
[ Info: Run  125 /  512  [10098 s elapsed, ETA 521 min]
[ Info: Run  126 /  512  [10100 s elapsed, ETA 516 min]
[ Info: Run  127 /  512  [10101 s elapsed, ETA 510 min]
[ Info: Run  128 /  512  [10107 s elapsed, ETA 505 min]
[ Info: Run  129 /  512  [10111 s elapsed, ETA 500 min]
[ Info: Run  130 /  512  [10112 s elapsed, ETA 495 min]
[ Info: Run  131 /  512  [11786 s elapsed, ETA 571 min]
[ Info: Run  132 /  512  [11824 s elapsed, ETA 567 min]
[ Info: Run  133 /  512  [12462 s elapsed, ETA 592 min]
[ Info: Run  134 /  512  [12530 s elapsed, ETA 589 min]
[ Info: Run  135 /  512  [12531 s elapsed, ETA 583 min]
[ Info: Run  136 /  512  [12533 s elapsed, ETA 577 min]
[ Info: Run  137 /  512  [12538 s elapsed, ETA 572 min]
[ Info: Run  138 /  512  [12549 s elapsed, ETA 567 min]
[ Info: Run  139 /  512  [12549 s elapsed, ETA 561 min]
[ Info: Run  140 /  512  [12552 s elapsed, ETA 556 min]
[ Info: Run  141 /  512  [12552 s elapsed, ETA 550 min]
[ Info: Run  142 /  512  [12553 s elapsed, ETA 545 min]
[ Info: Run  143 /  512  [12554 s elapsed, ETA 540 min]
[ Info: Run  144 /  512  [12561 s elapsed, ETA 535 min]
[ Info: Run  145 /  512  [12564 s elapsed, ETA 530 min]
[ Info: Run  146 /  512  [12566 s elapsed, ETA 525 min]
[ Info: Run  147 /  512  [12567 s elapsed, ETA 520 min]
[ Info: Run  148 /  512  [12568 s elapsed, ETA 515 min]
[ Info: Run  149 /  512  [12568 s elapsed, ETA 510 min]
[ Info: Run  150 /  512  [12568 s elapsed, ETA 506 min]
[ Info: Run  151 /  512  [12569 s elapsed, ETA 501 min]
[ Info: Run  152 /  512  [12571 s elapsed, ETA 496 min]
[ Info: Run  153 /  512  [12572 s elapsed, ETA 492 min]
[ Info: Run  154 /  512  [12575 s elapsed, ETA 487 min]
[ Info: Run  155 /  512  [12576 s elapsed, ETA 483 min]
[ Info: Run  156 /  512  [12578 s elapsed, ETA 478 min]
[ Info: Run  157 /  512  [12580 s elapsed, ETA 474 min]
[ Info: Run  158 /  512  [12581 s elapsed, ETA 470 min]
[ Info: Run  159 /  512  [12584 s elapsed, ETA 466 min]
[ Info: Run  160 /  512  [12589 s elapsed, ETA 462 min]
[ Info: Run  161 /  512  [12596 s elapsed, ETA 458 min]
[ Info: Run  162 /  512  [12602 s elapsed, ETA 454 min]
[ Info: Run  163 /  512  [13733 s elapsed, ETA 490 min]
[ Info: Run  164 /  512  [13774 s elapsed, ETA 487 min]
[ Info: Run  165 /  512  [14923 s elapsed, ETA 523 min]
[ Info: Run  166 /  512  [15017 s elapsed, ETA 522 min]
[ Info: Run  167 /  512  [15021 s elapsed, ETA 517 min]
[ Info: Run  168 /  512  [15026 s elapsed, ETA 513 min]
[ Info: Run  169 /  512  [15029 s elapsed, ETA 508 min]
[ Info: Run  170 /  512  [15043 s elapsed, ETA 504 min]
[ Info: Run  171 /  512  [15046 s elapsed, ETA 500 min]
[ Info: Run  172 /  512  [15048 s elapsed, ETA 496 min]
[ Info: Run  173 /  512  [15049 s elapsed, ETA 491 min]
[ Info: Run  174 /  512  [15050 s elapsed, ETA 487 min]
[ Info: Run  175 /  512  [15050 s elapsed, ETA 483 min]
[ Info: Run  176 /  512  [15054 s elapsed, ETA 479 min]
[ Info: Run  177 /  512  [15059 s elapsed, ETA 475 min]
[ Info: Run  178 /  512  [15062 s elapsed, ETA 471 min]
[ Info: Run  179 /  512  [15066 s elapsed, ETA 467 min]
[ Info: Run  180 /  512  [15068 s elapsed, ETA 463 min]
[ Info: Run  181 /  512  [15068 s elapsed, ETA 459 min]
[ Info: Run  182 /  512  [15068 s elapsed, ETA 455 min]
[ Info: Run  183 /  512  [15069 s elapsed, ETA 452 min]
[ Info: Run  184 /  512  [15070 s elapsed, ETA 448 min]
[ Info: Run  185 /  512  [15071 s elapsed, ETA 444 min]
[ Info: Run  186 /  512  [15075 s elapsed, ETA 440 min]
[ Info: Run  187 /  512  [15077 s elapsed, ETA 437 min]
[ Info: Run  188 /  512  [15079 s elapsed, ETA 433 min]
[ Info: Run  189 /  512  [15079 s elapsed, ETA 429 min]
[ Info: Run  190 /  512  [15082 s elapsed, ETA 426 min]
[ Info: Run  191 /  512  [15090 s elapsed, ETA 423 min]
[ Info: Run  192 /  512  [15097 s elapsed, ETA 419 min]
[ Info: Run  193 /  512  [15098 s elapsed, ETA 416 min]
[ Info: Run  194 /  512  [15102 s elapsed, ETA 413 min]
[ Info: Run  195 /  512  [15679 s elapsed, ETA 425 min]
[ Info: Run  196 /  512  [15719 s elapsed, ETA 422 min]
[ Info: Run  197 /  512  [17392 s elapsed, ETA 464 min]
[ Info: Run  198 /  512  [17498 s elapsed, ETA 462 min]
[ Info: Run  199 /  512  [17504 s elapsed, ETA 459 min]
[ Info: Run  200 /  512  [17512 s elapsed, ETA 455 min]
[ Info: Run  201 /  512  [17523 s elapsed, ETA 452 min]
[ Info: Run  202 /  512  [17530 s elapsed, ETA 448 min]
[ Info: Run  203 /  512  [17531 s elapsed, ETA 445 min]
[ Info: Run  204 /  512  [17532 s elapsed, ETA 441 min]
[ Info: Run  205 /  512  [17537 s elapsed, ETA 438 min]
[ Info: Run  206 /  512  [17543 s elapsed, ETA 434 min]
[ Info: Run  207 /  512  [17543 s elapsed, ETA 431 min]
[ Info: Run  208 /  512  [17544 s elapsed, ETA 427 min]
[ Info: Run  209 /  512  [17549 s elapsed, ETA 424 min]
[ Info: Run  210 /  512  [17551 s elapsed, ETA 421 min]
[ Info: Run  211 /  512  [17557 s elapsed, ETA 417 min]
[ Info: Run  212 /  512  [17557 s elapsed, ETA 414 min]
[ Info: Run  213 /  512  [17560 s elapsed, ETA 411 min]
[ Info: Run  214 /  512  [17561 s elapsed, ETA 408 min]
[ Info: Run  215 /  512  [17562 s elapsed, ETA 404 min]
[ Info: Run  216 /  512  [17565 s elapsed, ETA 401 min]
[ Info: Run  217 /  512  [17565 s elapsed, ETA 398 min]
[ Info: Run  218 /  512  [17566 s elapsed, ETA 395 min]
[ Info: Run  219 /  512  [17568 s elapsed, ETA 392 min]
[ Info: Run  220 /  512  [17574 s elapsed, ETA 389 min]
[ Info: Run  221 /  512  [17575 s elapsed, ETA 386 min]
[ Info: Run  222 /  512  [17580 s elapsed, ETA 383 min]
[ Info: Run  223 /  512  [17587 s elapsed, ETA 380 min]
[ Info: Run  224 /  512  [17595 s elapsed, ETA 377 min]
[ Info: Run  225 /  512  [17597 s elapsed, ETA 374 min]
[ Info: Run  226 /  512  [17599 s elapsed, ETA 371 min]
[ Info: Run  227 /  512  [17605 s elapsed, ETA 368 min]
[ Info: Run  228 /  512  [17654 s elapsed, ETA 367 min]
[ Info: Run  229 /  512  [19547 s elapsed, ETA 403 min]
[ Info: Run  230 /  512  [19603 s elapsed, ETA 401 min]
[ Info: Run  231 /  512  [19863 s elapsed, ETA 403 min]
[ Info: Run  232 /  512  [19992 s elapsed, ETA 402 min]
[ Info: Run  233 /  512  [19992 s elapsed, ETA 399 min]
[ Info: Run  234 /  512  [20004 s elapsed, ETA 396 min]
[ Info: Run  235 /  512  [20009 s elapsed, ETA 393 min]
[ Info: Run  236 /  512  [20021 s elapsed, ETA 390 min]
[ Info: Run  237 /  512  [20025 s elapsed, ETA 387 min]
[ Info: Run  238 /  512  [20026 s elapsed, ETA 384 min]
[ Info: Run  239 /  512  [20030 s elapsed, ETA 381 min]
[ Info: Run  240 /  512  [20037 s elapsed, ETA 378 min]
[ Info: Run  241 /  512  [20043 s elapsed, ETA 376 min]
[ Info: Run  242 /  512  [20045 s elapsed, ETA 373 min]
[ Info: Run  243 /  512  [20046 s elapsed, ETA 370 min]
[ Info: Run  244 /  512  [20047 s elapsed, ETA 367 min]
[ Info: Run  245 /  512  [20049 s elapsed, ETA 364 min]
[ Info: Run  246 /  512  [20052 s elapsed, ETA 361 min]
[ Info: Run  247 /  512  [20053 s elapsed, ETA 359 min]
[ Info: Run  248 /  512  [20056 s elapsed, ETA 356 min]
[ Info: Run  249 /  512  [20057 s elapsed, ETA 353 min]
[ Info: Run  250 /  512  [20061 s elapsed, ETA 350 min]
[ Info: Run  251 /  512  [20061 s elapsed, ETA 348 min]
[ Info: Run  252 /  512  [20061 s elapsed, ETA 345 min]
[ Info: Run  253 /  512  [20063 s elapsed, ETA 342 min]
[ Info: Run  254 /  512  [20072 s elapsed, ETA 340 min]
[ Info: Run  255 /  512  [20076 s elapsed, ETA 337 min]
[ Info: Run  256 /  512  [20078 s elapsed, ETA 335 min]
[ Info: Run  257 /  512  [20084 s elapsed, ETA 332 min]
[ Info: Run  258 /  512  [20095 s elapsed, ETA 330 min]
[ Info: Run  259 /  512  [20102 s elapsed, ETA 327 min]
[ Info: Run  260 /  512  [20107 s elapsed, ETA 325 min]
[ Info: Run  261 /  512  [21490 s elapsed, ETA 344 min]
[ Info: Run  262 /  512  [21579 s elapsed, ETA 343 min]
[ Info: Run  263 /  512  [22327 s elapsed, ETA 352 min]
[ Info: Run  264 /  512  [22467 s elapsed, ETA 352 min]
[ Info: Run  265 /  512  [22475 s elapsed, ETA 349 min]
[ Info: Run  266 /  512  [22493 s elapsed, ETA 347 min]
[ Info: Run  267 /  512  [22498 s elapsed, ETA 344 min]
[ Info: Run  268 /  512  [22503 s elapsed, ETA 341 min]
[ Info: Run  269 /  512  [22505 s elapsed, ETA 339 min]
[ Info: Run  270 /  512  [22521 s elapsed, ETA 336 min]
[ Info: Run  271 /  512  [22522 s elapsed, ETA 334 min]
[ Info: Run  272 /  512  [22531 s elapsed, ETA 331 min]
[ Info: Run  273 /  512  [22531 s elapsed, ETA 329 min]
[ Info: Run  274 /  512  [22532 s elapsed, ETA 326 min]
[ Info: Run  275 /  512  [22532 s elapsed, ETA 324 min]
[ Info: Run  276 /  512  [22533 s elapsed, ETA 321 min]
[ Info: Run  277 /  512  [22537 s elapsed, ETA 319 min]
[ Info: Run  278 /  512  [22540 s elapsed, ETA 316 min]
[ Info: Run  279 /  512  [22542 s elapsed, ETA 314 min]
[ Info: Run  280 /  512  [22543 s elapsed, ETA 311 min]
[ Info: Run  281 /  512  [22549 s elapsed, ETA 309 min]
[ Info: Run  282 /  512  [22551 s elapsed, ETA 307 min]
[ Info: Run  283 /  512  [22552 s elapsed, ETA 304 min]
[ Info: Run  284 /  512  [22553 s elapsed, ETA 302 min]
[ Info: Run  285 /  512  [22554 s elapsed, ETA 299 min]
[ Info: Run  286 /  512  [22560 s elapsed, ETA 297 min]
[ Info: Run  287 /  512  [22568 s elapsed, ETA 295 min]
[ Info: Run  288 /  512  [22568 s elapsed, ETA 293 min]
[ Info: Run  289 /  512  [22571 s elapsed, ETA 290 min]
[ Info: Run  290 /  512  [22580 s elapsed, ETA 288 min]
[ Info: Run  291 /  512  [22589 s elapsed, ETA 286 min]
[ Info: Run  292 /  512  [22603 s elapsed, ETA 284 min]
[ Info: Run  293 /  512  [23429 s elapsed, ETA 292 min]
[ Info: Run  294 /  512  [23519 s elapsed, ETA 291 min]
[ Info: Run  295 /  512  [24738 s elapsed, ETA 303 min]
[ Info: Run  296 /  512  [24908 s elapsed, ETA 303 min]
[ Info: Run  297 /  512  [24908 s elapsed, ETA 301 min]
[ Info: Run  298 /  512  [24933 s elapsed, ETA 298 min]
[ Info: Run  299 /  512  [24935 s elapsed, ETA 296 min]
[ Info: Run  300 /  512  [24941 s elapsed, ETA 294 min]
[ Info: Run  301 /  512  [24943 s elapsed, ETA 291 min]
[ Info: Run  302 /  512  [24959 s elapsed, ETA 289 min]
[ Info: Run  303 /  512  [24963 s elapsed, ETA 287 min]
[ Info: Run  304 /  512  [24970 s elapsed, ETA 285 min]
[ Info: Run  305 /  512  [24972 s elapsed, ETA 282 min]
[ Info: Run  306 /  512  [24974 s elapsed, ETA 280 min]
[ Info: Run  307 /  512  [24975 s elapsed, ETA 278 min]
[ Info: Run  308 /  512  [24976 s elapsed, ETA 276 min]
[ Info: Run  309 /  512  [24977 s elapsed, ETA 273 min]
[ Info: Run  310 /  512  [24982 s elapsed, ETA 271 min]
[ Info: Run  311 /  512  [24984 s elapsed, ETA 269 min]
[ Info: Run  312 /  512  [24985 s elapsed, ETA 267 min]
[ Info: Run  313 /  512  [24985 s elapsed, ETA 265 min]
[ Info: Run  314 /  512  [24994 s elapsed, ETA 263 min]
[ Info: Run  315 /  512  [24996 s elapsed, ETA 261 min]
[ Info: Run  316 /  512  [24998 s elapsed, ETA 258 min]
[ Info: Run  317 /  512  [24998 s elapsed, ETA 256 min]
[ Info: Run  318 /  512  [25007 s elapsed, ETA 254 min]
[ Info: Run  319 /  512  [25009 s elapsed, ETA 252 min]
[ Info: Run  320 /  512  [25013 s elapsed, ETA 250 min]
[ Info: Run  321 /  512  [25015 s elapsed, ETA 248 min]
[ Info: Run  322 /  512  [25030 s elapsed, ETA 246 min]
[ Info: Run  323 /  512  [25042 s elapsed, ETA 244 min]
[ Info: Run  324 /  512  [25044 s elapsed, ETA 242 min]
[ Info: Run  325 /  512  [25385 s elapsed, ETA 243 min]
[ Info: Run  326 /  512  [25480 s elapsed, ETA 242 min]
[ Info: Run  327 /  512  [27222 s elapsed, ETA 257 min]
[ Info: Run  328 /  512  [27333 s elapsed, ETA 256 min]
[ Info: Run  329 /  512  [27397 s elapsed, ETA 254 min]
[ Info: Run  330 /  512  [27400 s elapsed, ETA 252 min]
[ Info: Run  331 /  512  [27423 s elapsed, ETA 250 min]
[ Info: Run  332 /  512  [27432 s elapsed, ETA 248 min]
[ Info: Run  333 /  512  [27434 s elapsed, ETA 246 min]
[ Info: Run  334 /  512  [27435 s elapsed, ETA 244 min]
[ Info: Run  335 /  512  [27437 s elapsed, ETA 242 min]
[ Info: Run  336 /  512  [27456 s elapsed, ETA 240 min]
[ Info: Run  337 /  512  [27456 s elapsed, ETA 238 min]
[ Info: Run  338 /  512  [27466 s elapsed, ETA 236 min]
[ Info: Run  339 /  512  [27469 s elapsed, ETA 234 min]
[ Info: Run  340 /  512  [27472 s elapsed, ETA 232 min]
[ Info: Run  341 /  512  [27473 s elapsed, ETA 230 min]
[ Info: Run  342 /  512  [27475 s elapsed, ETA 228 min]
[ Info: Run  343 /  512  [27477 s elapsed, ETA 226 min]
[ Info: Run  344 /  512  [27477 s elapsed, ETA 224 min]
[ Info: Run  345 /  512  [27482 s elapsed, ETA 222 min]
[ Info: Run  346 /  512  [27482 s elapsed, ETA 220 min]
[ Info: Run  347 /  512  [27492 s elapsed, ETA 218 min]
[ Info: Run  348 /  512  [27492 s elapsed, ETA 216 min]
[ Info: Run  349 /  512  [27492 s elapsed, ETA 214 min]
[ Info: Run  350 /  512  [27493 s elapsed, ETA 212 min]
[ Info: Run  351 /  512  [27500 s elapsed, ETA 210 min]
[ Info: Run  352 /  512  [27504 s elapsed, ETA 208 min]
[ Info: Run  353 /  512  [27509 s elapsed, ETA 207 min]
[ Info: Run  354 /  512  [27515 s elapsed, ETA 205 min]
[ Info: Run  355 /  512  [27515 s elapsed, ETA 203 min]
[ Info: Run  356 /  512  [27523 s elapsed, ETA 201 min]
[ Info: Run  357 /  512  [27544 s elapsed, ETA 199 min]
[ Info: Run  358 /  512  [27546 s elapsed, ETA 197 min]
[ Info: Run  359 /  512  [29290 s elapsed, ETA 208 min]
[ Info: Run  360 /  512  [29395 s elapsed, ETA 207 min]
[ Info: Run  361 /  512  [29699 s elapsed, ETA 207 min]
[ Info: Run  362 /  512  [29892 s elapsed, ETA 206 min]
[ Info: Run  363 /  512  [29899 s elapsed, ETA 205 min]
[ Info: Run  364 /  512  [29918 s elapsed, ETA 203 min]
[ Info: Run  365 /  512  [29932 s elapsed, ETA 201 min]
[ Info: Run  366 /  512  [29933 s elapsed, ETA 199 min]
[ Info: Run  367 /  512  [29933 s elapsed, ETA 197 min]
[ Info: Run  368 /  512  [29954 s elapsed, ETA 195 min]
[ Info: Run  369 /  512  [29957 s elapsed, ETA 193 min]
[ Info: Run  370 /  512  [29971 s elapsed, ETA 192 min]
[ Info: Run  371 /  512  [29973 s elapsed, ETA 190 min]
[ Info: Run  372 /  512  [29973 s elapsed, ETA 188 min]
[ Info: Run  373 /  512  [29974 s elapsed, ETA 186 min]
[ Info: Run  374 /  512  [29977 s elapsed, ETA 184 min]
[ Info: Run  375 /  512  [29979 s elapsed, ETA 183 min]
[ Info: Run  376 /  512  [29982 s elapsed, ETA 181 min]
[ Info: Run  377 /  512  [29984 s elapsed, ETA 179 min]
[ Info: Run  378 /  512  [29984 s elapsed, ETA 177 min]
[ Info: Run  379 /  512  [29996 s elapsed, ETA 175 min]
[ Info: Run  380 /  512  [29999 s elapsed, ETA 174 min]
[ Info: Run  381 /  512  [30000 s elapsed, ETA 172 min]
[ Info: Run  382 /  512  [30001 s elapsed, ETA 170 min]
[ Info: Run  383 /  512  [30001 s elapsed, ETA 168 min]
[ Info: Run  384 /  512  [30009 s elapsed, ETA 167 min]
[ Info: Run  385 /  512  [30011 s elapsed, ETA 165 min]
[ Info: Run  386 /  512  [30011 s elapsed, ETA 163 min]
[ Info: Run  387 /  512  [30020 s elapsed, ETA 162 min]
[ Info: Run  388 /  512  [30021 s elapsed, ETA 160 min]
[ Info: Run  389 /  512  [30049 s elapsed, ETA 158 min]
[ Info: Run  390 /  512  [30049 s elapsed, ETA 157 min]
[ Info: Run  391 /  512  [31255 s elapsed, ETA 161 min]
[ Info: Run  392 /  512  [31368 s elapsed, ETA 160 min]
[ Info: Run  393 /  512  [32192 s elapsed, ETA 162 min]
[ Info: Run  394 /  512  [32406 s elapsed, ETA 162 min]
[ Info: Run  395 /  512  [32411 s elapsed, ETA 160 min]
[ Info: Run  396 /  512  [32438 s elapsed, ETA 158 min]
[ Info: Run  397 /  512  [32439 s elapsed, ETA 157 min]
[ Info: Run  398 /  512  [32452 s elapsed, ETA 155 min]
[ Info: Run  399 /  512  [32452 s elapsed, ETA 153 min]
[ Info: Run  400 /  512  [32471 s elapsed, ETA 152 min]
[ Info: Run  401 /  512  [32477 s elapsed, ETA 150 min]
[ Info: Run  402 /  512  [32492 s elapsed, ETA 148 min]
[ Info: Run  403 /  512  [32493 s elapsed, ETA 146 min]
[ Info: Run  404 /  512  [32495 s elapsed, ETA 145 min]
[ Info: Run  405 /  512  [32496 s elapsed, ETA 143 min]
[ Info: Run  406 /  512  [32498 s elapsed, ETA 141 min]
[ Info: Run  407 /  512  [32502 s elapsed, ETA 140 min]
[ Info: Run  408 /  512  [32502 s elapsed, ETA 138 min]
[ Info: Run  409 /  512  [32504 s elapsed, ETA 136 min]
[ Info: Run  410 /  512  [32504 s elapsed, ETA 135 min]
[ Info: Run  411 /  512  [32513 s elapsed, ETA 133 min]
[ Info: Run  412 /  512  [32521 s elapsed, ETA 132 min]
[ Info: Run  413 /  512  [32523 s elapsed, ETA 130 min]
[ Info: Run  414 /  512  [32523 s elapsed, ETA 128 min]
[ Info: Run  415 /  512  [32525 s elapsed, ETA 127 min]
[ Info: Run  416 /  512  [32527 s elapsed, ETA 125 min]
[ Info: Run  417 /  512  [32534 s elapsed, ETA 124 min]
[ Info: Run  418 /  512  [32537 s elapsed, ETA 122 min]
[ Info: Run  419 /  512  [32544 s elapsed, ETA 120 min]
[ Info: Run  420 /  512  [32547 s elapsed, ETA 119 min]
[ Info: Run  421 /  512  [32568 s elapsed, ETA 117 min]
[ Info: Run  422 /  512  [32584 s elapsed, ETA 116 min]
[ Info: Run  423 /  512  [33213 s elapsed, ETA 116 min]
[ Info: Run  424 /  512  [33332 s elapsed, ETA 115 min]
[ Info: Run  425 /  512  [34494 s elapsed, ETA 118 min]
[ Info: Run  426 /  512  [34735 s elapsed, ETA 117 min]
[ Info: Run  427 /  512  [34735 s elapsed, ETA 115 min]
[ Info: Run  428 /  512  [34768 s elapsed, ETA 114 min]
[ Info: Run  429 /  512  [34780 s elapsed, ETA 112 min]
[ Info: Run  430 /  512  [34785 s elapsed, ETA 111 min]
[ Info: Run  431 /  512  [34789 s elapsed, ETA 109 min]
[ Info: Run  432 /  512  [34807 s elapsed, ETA 107 min]
[ Info: Run  433 /  512  [34816 s elapsed, ETA 106 min]
[ Info: Run  434 /  512  [34826 s elapsed, ETA 104 min]
[ Info: Run  435 /  512  [34826 s elapsed, ETA 103 min]
[ Info: Run  436 /  512  [34833 s elapsed, ETA 101 min]
[ Info: Run  437 /  512  [34833 s elapsed, ETA 100 min]
[ Info: Run  438 /  512  [34837 s elapsed, ETA 98 min]
[ Info: Run  439 /  512  [34841 s elapsed, ETA 97 min]
[ Info: Run  440 /  512  [34843 s elapsed, ETA 95 min]
[ Info: Run  441 /  512  [34847 s elapsed, ETA 94 min]
[ Info: Run  442 /  512  [34851 s elapsed, ETA 92 min]
[ Info: Run  443 /  512  [34855 s elapsed, ETA 90 min]
[ Info: Run  444 /  512  [34855 s elapsed, ETA 89 min]
[ Info: Run  445 /  512  [34855 s elapsed, ETA 87 min]
[ Info: Run  446 /  512  [34861 s elapsed, ETA 86 min]
[ Info: Run  447 /  512  [34862 s elapsed, ETA 84 min]
[ Info: Run  448 /  512  [34864 s elapsed, ETA 83 min]
[ Info: Run  449 /  512  [34874 s elapsed, ETA 82 min]
[ Info: Run  450 /  512  [34879 s elapsed, ETA 80 min]
[ Info: Run  451 /  512  [34887 s elapsed, ETA 79 min]
[ Info: Run  452 /  512  [34894 s elapsed, ETA 77 min]
[ Info: Run  453 /  512  [34908 s elapsed, ETA 76 min]
[ Info: Run  454 /  512  [34920 s elapsed, ETA 74 min]
[ Info: Run  455 /  512  [35053 s elapsed, ETA 73 min]
[ Info: Run  456 /  512  [35185 s elapsed, ETA 72 min]
[ Info: Run  457 /  512  [36962 s elapsed, ETA 74 min]
[ Info: Run  458 /  512  [37005 s elapsed, ETA 73 min]
[ Info: Run  459 /  512  [37130 s elapsed, ETA 71 min]
[ Info: Run  460 /  512  [37228 s elapsed, ETA 70 min]
[ Info: Run  461 /  512  [37233 s elapsed, ETA 69 min]
[ Info: Run  462 /  512  [37265 s elapsed, ETA 67 min]
[ Info: Run  463 /  512  [37271 s elapsed, ETA 66 min]
[ Info: Run  464 /  512  [37286 s elapsed, ETA 64 min]
[ Info: Run  465 /  512  [37286 s elapsed, ETA 63 min]
[ Info: Run  466 /  512  [37310 s elapsed, ETA 61 min]
[ Info: Run  467 /  512  [37314 s elapsed, ETA 60 min]
[ Info: Run  468 /  512  [37322 s elapsed, ETA 58 min]
[ Info: Run  469 /  512  [37324 s elapsed, ETA 57 min]
[ Info: Run  470 /  512  [37326 s elapsed, ETA 56 min]
[ Info: Run  471 /  512  [37329 s elapsed, ETA 54 min]
[ Info: Run  472 /  512  [37336 s elapsed, ETA 53 min]
[ Info: Run  473 /  512  [37338 s elapsed, ETA 51 min]
[ Info: Run  474 /  512  [37339 s elapsed, ETA 50 min]
[ Info: Run  475 /  512  [37342 s elapsed, ETA 48 min]
[ Info: Run  476 /  512  [37347 s elapsed, ETA 47 min]
[ Info: Run  477 /  512  [37349 s elapsed, ETA 46 min]
[ Info: Run  478 /  512  [37352 s elapsed, ETA 44 min]
[ Info: Run  479 /  512  [37357 s elapsed, ETA 43 min]
[ Info: Run  480 /  512  [37360 s elapsed, ETA 42 min]
[ Info: Run  481 /  512  [37362 s elapsed, ETA 40 min]
[ Info: Run  482 /  512  [37363 s elapsed, ETA 39 min]
[ Info: Run  483 /  512  [37370 s elapsed, ETA 37 min]
[ Info: Run  484 /  512  [37378 s elapsed, ETA 36 min]
[ Info: Run  485 /  512  [37381 s elapsed, ETA 35 min]
[ Info: Run  486 /  512  [37392 s elapsed, ETA 33 min]
[ Info: Run  487 /  512  [37404 s elapsed, ETA 32 min]
[ Info: Run  488 /  512  [37405 s elapsed, ETA 31 min]
[ Info: Run  489 /  512  [38519 s elapsed, ETA 30 min]
[ Info: Run  490 /  512  [38607 s elapsed, ETA 29 min]
[ Info: Run  491 /  512  [38857 s elapsed, ETA 28 min]
[ Info: Run  492 /  512  [39017 s elapsed, ETA 26 min]
[ Info: Run  493 /  512  [39026 s elapsed, ETA 25 min]
[ Info: Run  494 /  512  [39046 s elapsed, ETA 24 min]
[ Info: Run  495 /  512  [39050 s elapsed, ETA 22 min]
[ Info: Run  496 /  512  [39051 s elapsed, ETA 21 min]
[ Info: Run  497 /  512  [39052 s elapsed, ETA 20 min]
[ Info: Run  498 /  512  [39064 s elapsed, ETA 18 min]
[ Info: Run  499 /  512  [39065 s elapsed, ETA 17 min]
[ Info: Run  500 /  512  [39070 s elapsed, ETA 16 min]
[ Info: Run  501 /  512  [39070 s elapsed, ETA 14 min]
[ Info: Run  502 /  512  [39072 s elapsed, ETA 13 min]
[ Info: Run  503 /  512  [39072 s elapsed, ETA 12 min]
[ Info: Run  504 /  512  [39073 s elapsed, ETA 10 min]
[ Info: Run  505 /  512  [39073 s elapsed, ETA 9 min]
[ Info: Run  506 /  512  [39074 s elapsed, ETA 8 min]
[ Info: Run  507 /  512  [39074 s elapsed, ETA 6 min]
[ Info: Run  508 /  512  [39074 s elapsed, ETA 5 min]
[ Info: Run  509 /  512  [39074 s elapsed, ETA 4 min]
[ Info: Run  510 /  512  [39076 s elapsed, ETA 3 min]
[ Info: Run  511 /  512  [39076 s elapsed, ETA 1 min]
[ Info: Run  512 /  512  [39076 s elapsed, ETA 0 min]
[ Info: Campaign V2 complete: 512 runs in 651.3 minutes
┌ Info: Summary CSV
└   metrics_path = "/home/rod/Documents/GitHub/KiteTurbineDynamics.jl/scripts/results/pitch_depower_campaign/campaign_metrics.csv"
