
--- Design geometry ---
  TRPT tether length:          30.0 m
  Design shaft elevation:      30.0°
  Lifter elevation:            75.0°
  Design sky anchor pos:       (x=35.51, z=20.50) m
  Dynamic kite pos (init):     (x=41.98, z=44.65) m
  Back anchor x:               36.98 m
  Back line design rest len:   20.55 m
  Cyan line rest length:       5.00 m
  Kite lift at 6.0 m/s:        1515.9 N (elev 75.0°)

--- Settled state (before payout) ---
  Sky anchor z:     20.568 m   (design = 20.500 m)
  Bearing z:        18.006 m
  T_cyan:           560.9 N

t(s)   Pay(m)   T_bkL(N) T_cyan(N) T_kite(N) SA_z(m)   Brg_z(m)  TRPT_mn(N) TRPTmin  n_slk  Kite_z(m)
----------------------------------------------------------------------------------------------------
0.05   0.000    1197.3   561.0     1521.5    20.57     17.99     763.9      180.0    0      44.70         
0.10   0.000    1163.4   570.4     1521.5    20.57     17.97     681.8      27.2     0      44.70         
0.15   0.000    1166.8   564.7     1521.5    20.57     17.94     619.2      17.3     0      44.70         
0.20   0.000    1178.4   568.0     1521.5    20.57     17.91     565.0      17.8     0      44.70         
0.25   0.000    1158.7   574.5     1521.5    20.56     17.90     520.5      24.8     0      44.70         
0.30   0.000    1161.6   570.0     1521.5    20.56     17.90     488.6      30.5     0      44.70         
0.35   0.000    1172.9   569.8     1521.5    20.57     17.91     470.1      28.6     0      44.70         
0.40   0.000    1165.5   571.7     1521.5    20.56     17.93     463.0      28.1     0      44.70         
0.45   0.000    1168.9   568.1     1521.5    20.56     17.94     465.4      29.4     0      44.70         
0.50   0.000    1176.3   567.3     1521.5    20.57     17.95     476.7      27.2     0      44.70         
0.55   0.000    1171.4   569.2     1521.5    20.56     17.95     496.5      19.5     0      44.70         
0.60   0.000    1169.6   568.5     1521.5    20.56     17.95     522.9      11.8     0      44.70         
0.65   0.000    1171.9   569.1     1521.5    20.56     17.94     549.0      9.7      0      44.70         
0.70   0.000    1167.5   571.4     1521.5    20.56     17.92     561.7      13.5     0      44.69         
0.75   0.000    1164.7   571.9     1521.5    20.56     17.91     548.0      23.1     0      44.69         
0.80   0.000    1166.6   572.0     1521.5    20.56     17.91     507.7      32.6     0      44.69         
0.85   0.000    1165.3   573.0     1521.5    20.56     17.91     459.5      38.6     0      44.69         
0.90   0.000    1165.4   572.5     1521.5    20.56     17.91     425.2      33.9     0      44.69         
0.95   0.000    1167.0   572.2     1521.5    20.56     17.92     418.3      27.8     0      44.69         
1.00   0.000    1167.6   572.1     1521.5    20.56     17.93     436.1      11.5     0      44.69         
1.05   0.000    1168.0   572.0     1521.5    20.56     17.93     468.5      8.7      0      44.69         
1.10   0.000    1169.5   571.3     1521.5    20.56     17.94     499.8      10.5     0      44.69         
1.15   0.000    1168.3   572.1     1521.5    20.56     17.93     516.4      13.9     0      44.69         
1.20   0.000    1166.1   572.8     1521.5    20.56     17.92     507.8      18.0     0      44.69         
1.25   0.000    1165.1   573.8     1521.5    20.56     17.91     477.5      24.7     0      44.69         
1.30   0.000    1162.9   575.0     1521.5    20.56     17.90     441.1      28.0     0      44.69         
1.35   0.001    1161.1   576.1     1521.5    20.56     17.89     416.9      25.4     0      44.69         
1.40   0.001    1161.4   576.0     1521.5    20.56     17.89     412.7      25.4     0      44.69         
1.45   0.002    1161.5   576.3     1521.5    20.56     17.89     425.2      18.7     0      44.69         
1.50   0.003    1161.7   576.3     1521.5    20.56     17.90     444.5      17.2     0      44.69         
1.55   0.005    1162.7   576.3     1521.5    20.57     17.91     459.5      19.7     0      44.69         
1.60   0.007    1163.8   576.0     1521.5    20.57     17.91     464.2      23.6     0      44.69         
1.65   0.009    1162.4   576.6     1521.5    20.57     17.91     464.7      25.2     0      44.69         
1.70   0.013    1161.5   577.2     1521.5    20.57     17.91     463.7      21.8     0      44.70         
1.75   0.017    1160.2   578.5     1521.5    20.58     17.91     461.2      20.8     0      44.70         
1.80   0.021    1157.9   579.8     1521.5    20.58     17.90     456.8      17.4     0      44.70         
1.85   0.027    1156.1   580.9     1521.5    20.58     17.90     451.9      16.8     0      44.71         
1.90   0.033    1154.6   582.3     1521.6    20.59     17.89     445.8      19.0     0      44.71         
1.95   0.040    1153.1   583.5     1521.6    20.60     17.89     437.0      18.0     0      44.71         
2.00   0.048    1151.7   584.5     1521.6    20.60     17.90     427.9      18.4     0      44.72         
2.05   0.057    1150.4   585.8     1521.6    20.61     17.90     421.2      17.5     0      44.73         
2.10   0.066    1148.9   587.0     1521.6    20.62     17.90     422.8      15.9     0      44.73         
2.15   0.077    1147.1   588.6     1521.6    20.63     17.90     430.4      15.3     0      44.74         
2.20   0.089    1144.4   590.6     1521.6    20.64     17.90     436.4      10.3     0      44.75         
2.25   0.101    1141.3   592.6     1521.6    20.65     17.90     435.7      13.5     0      44.76         
2.30   0.114    1138.7   594.9     1521.6    20.67     17.90     427.4      16.2     0      44.77         
2.35   0.128    1134.6   597.7     1521.6    20.68     17.89     415.5      18.2     0      44.78         
2.40   0.144    1131.0   600.3     1521.6    20.69     17.89     405.5      18.0     0      44.79         
2.45   0.160    1127.4   603.3     1521.7    20.71     17.89     399.6      18.3     0      44.80         
2.50   0.176    1124.2   605.7     1521.7    20.72     17.89     400.8      16.9     0      44.82         
2.55   0.194    1120.9   608.5     1521.7    20.74     17.89     409.3      16.8     0      44.83         
2.60   0.213    1116.8   611.5     1521.7    20.76     17.90     419.7      18.0     0      44.84         
2.65   0.232    1113.2   614.5     1521.7    20.78     17.90     425.5      19.5     0      44.86         
2.70   0.253    1108.7   618.1     1521.7    20.80     17.90     425.2      22.1     0      44.87         
2.75   0.274    1103.6   621.7     1521.8    20.82     17.90     420.3      20.8     0      44.89         
2.80   0.296    1098.9   625.5     1521.8    20.84     17.90     415.4      21.8     0      44.90         
2.85   0.319    1093.2   629.8     1521.8    20.86     17.90     414.3      19.6     0      44.92         
2.90   0.343    1087.6   633.9     1521.8    20.88     17.90     418.4      18.2     0      44.94         
2.95   0.367    1082.3   638.3     1521.8    20.90     17.90     424.9      18.1     0      44.95         
3.00   0.393    1076.5   642.7     1521.9    20.93     17.90     429.0      22.0     0      44.97         
3.05   0.419    1070.5   647.3     1521.9    20.95     17.90     428.6      25.4     0      44.99         
3.10   0.446    1063.9   652.3     1521.9    20.98     17.90     424.7      22.0     0      45.01         
3.15   0.474    1056.9   657.7     1521.9    21.00     17.90     419.9      21.3     0      45.03         
3.20   0.502    1049.5   663.2     1521.9    21.03     17.90     416.7      47.3     0      45.05         
3.25   0.532    1042.1   668.9     1522.0    21.05     17.90     415.9      39.4     0      45.07         
3.30   0.562    1034.7   674.7     1522.0    21.08     17.90     416.6      44.5     0      45.09         
3.35   0.593    1027.0   680.7     1522.0    21.11     17.90     417.1      74.6     0      45.12         
3.40   0.624    1018.9   686.9     1522.0    21.14     17.91     415.9      106.1    0      45.14         
3.45   0.657    1010.3   693.5     1522.1    21.17     17.91     412.7      118.0    0      45.16         
3.50   0.690    1001.2   700.5     1522.1    21.20     17.91     409.4      94.7     0      45.19         
3.55   0.724    991.9    707.7     1522.1    21.23     17.91     407.8      90.8     0      45.21         
3.60   0.759    982.2    715.2     1522.2    21.26     17.91     409.4      112.3    0      45.23         
3.65   0.794    972.7    722.7     1522.2    21.29     17.91     412.7      143.2    0      45.26         
3.70   0.830    962.6    730.5     1522.2    21.33     17.91     412.7      133.9    0      45.28         
3.75   0.867    952.1    738.8     1522.2    21.36     17.92     410.4      134.0    0      45.31         
3.80   0.905    941.9    746.7     1522.3    21.39     17.92     408.2      110.5    0      45.33         
3.85   0.943    931.1    755.4     1522.3    21.43     17.93     407.0      128.5    0      45.36         
3.90   0.982    919.2    764.5     1522.3    21.46     17.93     407.3      145.8    0      45.39         
3.95   1.022    905.6    774.9     1522.4    21.50     17.93     412.0      142.5    0      45.41         
4.00   1.062    894.8    783.9     1522.4    21.53     17.94     413.5      86.7     0      45.44         
4.05   1.103    883.6    792.6     1522.4    21.57     17.94     406.0      90.0     0      45.47         
4.10   1.145    869.0    804.2     1522.5    21.61     17.95     399.9      93.3     0      45.49         
4.15   1.187    863.8    809.9     1522.5    21.64     17.98     466.1      0.0      3      45.52         
4.20   1.230    878.4    803.8     1522.5    21.68     18.07     748.2      0.0      5      45.55         
4.25   1.274    864.6    811.3     1522.6    21.72     18.08     832.9      0.0      12     45.58         
4.30   1.318    804.6    846.2     1522.6    21.76     17.98     396.7      0.0      1      45.61         
4.35   1.363    873.3    821.8     1522.6    21.80     18.05     370.4      0.0      5      45.64         
4.40   1.408    823.0    828.0     1522.7    21.84     18.21     587.7      0.0      4      45.67         
4.45   1.453    851.9    844.0     1522.7    21.88     18.21     517.6      0.0      10     45.70         
4.50   1.499    778.5    872.8     1522.7    21.92     18.04     301.1      0.0      2      45.72         
4.55   1.545    690.9    927.1     1522.8    21.95     18.03     241.5      0.0      13     45.75         
4.60   1.590    835.9    882.1     1522.8    22.00     18.29     664.1      0.0      5      45.78         
4.65   1.634    850.1    813.1     1522.8    22.03     18.40     598.4      0.0      21     45.79         
4.70   1.679    675.9    958.8     1522.8    22.06     18.14     512.1      0.0      3      45.81         
4.75   1.725    691.4    940.0     1522.9    22.10     18.05     67.2       0.0      23     45.84         
4.80   1.771    789.7    908.9     1522.9    22.15     18.33     878.4      0.0      7      45.88         
4.85   1.817    775.9    863.8     1522.9    22.17     18.54     1009.9     0.0      17     45.87         
4.90   1.865    708.6    1001.4    1523.0    22.22     18.28     758.0      0.0      3      45.91         
4.95   1.914    662.7    922.1     1523.0    22.24     18.09     60.5       0.0      42     45.89         
5.00   1.964    801.7    897.6     1523.1    22.30     18.36     1158.7     0.0      10     45.96         
5.05   2.014    751.2    803.1     1523.1    22.32     18.57     1007.9     0.0      19     45.95         
5.10   2.066    602.9    1097.4    1523.1    22.37     18.40     1569.0     0.0      11     45.99         
5.15   2.119    778.0    929.3     1523.1    22.39     18.21     245.8      0.0      36     45.96         
5.20   2.173    756.5    933.6     1523.2    22.45     18.41     974.8      0.0      17     46.02         
5.25   2.226    201.3    1243.0    1523.2    22.47     18.58     1667.9     0.0      8      46.05         
5.30   2.281    0.0      1448.9    1523.1    22.36     18.16     1862.3     0.0      30     45.76         
5.35   2.335    0.0      1381.9    1523.0    22.25     17.98     1214.9     0.0      22     45.38         
5.40   2.387    1123.5   1081.8    1523.1    22.32     18.25     1438.7     0.0      12     45.38         
5.45   2.438    591.8    898.7     1523.2    22.43     18.16     2189.4     0.0      12     45.63         
5.50   2.486    351.0    1057.0    1523.3    22.62     18.34     5287.4     0.0      4      46.03         
5.55   2.534    1819.2   378.5     1523.4    22.74     18.61     587.8      0.0      11     46.12         
5.60   2.583    1304.6   453.3     1523.4    22.77     18.65     581.6      0.0      14     46.18         
5.65   2.632    937.0    618.7     1523.4    22.77     18.48     466.6      0.0      5      46.16         
5.70   2.682    689.1    848.9     1523.5    22.80     18.53     913.3      0.0      12     46.18         
5.75   2.733    68.4     1181.7    1523.5    22.80     18.61     2233.4     0.0      11     46.20         
5.80   2.785    0.0      1568.2    1523.2    22.51     18.11     6805.2     0.0      2      45.79         
5.85   2.839    0.0      1430.7    1523.1    22.39     17.81     1913.1     0.0      18     45.17         
5.90   2.892    0.0      1357.5    1523.1    22.30     18.30     1250.7     0.0      22     45.17         
5.95   2.945    0.0      1505.1    1523.2    22.47     18.04     1903.9     0.0      5      45.53         
6.00   2.997    0.0      1511.9    1523.3    22.56     18.14     287.4      0.0      42     45.86         
6.05   3.047    263.3    874.3     1523.6    22.95     18.78     1464.2     0.0      13     46.15         
6.10   3.093    260.1    838.9     1523.6    23.00     18.70     596.8      0.0      22     46.21         
6.15   3.134    0.0      1498.1    1523.6    22.93     18.31     271.1      0.0      28     46.18         
6.20   3.171    0.0      1553.2    1523.6    23.00     18.69     813.2      0.0      12     46.25         
6.25   3.205    0.0      1140.1    1523.7    23.05     18.83     1143.1     0.0      19     46.26         
6.30   3.241    0.0      1439.3    1523.7    23.11     18.60     897.7      0.0      13     46.39         
6.35   3.278    507.8    1428.0    1523.8    23.21     18.75     715.8      0.0      22     46.49         
6.40   3.315    1156.4   878.5     1523.9    23.26     19.05     691.7      0.0      29     46.50         
6.45   3.350    387.2    1072.1    1523.9    23.27     18.86     536.4      0.0      19     46.56         
6.50   3.384    789.6    1026.8    1523.9    23.31     18.80     660.5      0.0      30     46.59         
6.55   3.418    1063.3   929.2     1523.9    23.36     19.10     596.6      0.0      23     46.64         
6.60   3.454    368.9    1044.7    1523.9    23.37     19.01     1299.6     0.0      21     46.69         
6.65   3.491    457.0    1106.3    1524.0    23.39     18.82     45.3       0.0      49     46.71         
6.70   3.527    596.4    1138.0    1524.0    23.43     19.07     875.8      0.0      14     46.73         
6.75   3.563    339.4    1129.6    1524.0    23.43     19.12     268.6      0.0      35     46.74         
6.80   3.602    0.0      1498.8    1524.0    23.47     18.95     234.5      0.0      18     46.82         
6.85   3.642    0.0      1514.8    1524.1    23.51     19.11     237.8      0.0      29     46.87         
6.90   3.684    286.2    1334.2    1524.1    23.55     19.29     255.3      0.0      40     46.88         
6.95   3.727    331.3    1394.5    1524.1    23.60     19.14     225.9      0.0      24     46.95         
7.00   3.771    390.6    1271.3    1524.2    23.64     19.15     56.5       0.0      51     46.97         
7.05   3.814    549.8    1081.2    1524.2    23.68     19.37     190.8      0.0      12     47.00         
7.10   3.863    95.4     1348.4    1524.2    23.70     19.27     134.8      0.0      45     47.05         
7.15   3.914    35.1     1407.8    1524.2    23.73     19.17     18.8       0.0      57     47.06         
7.20   3.965    295.2    1316.6    1524.3    23.78     19.38     529.4      0.0      11     47.08         
7.25   4.019    293.5    1286.5    1524.3    23.82     19.37     349.7      0.0      44     47.11         
7.30   4.078    239.4    1369.7    1524.3    23.85     19.23     143.4      0.0      28     47.14         
7.35   4.144    259.0    1425.6    1524.4    23.90     19.41     587.8      0.0      10     47.17         
7.40   4.218    333.1    1289.2    1524.4    23.96     19.48     607.0      0.0      37     47.20         
7.45   4.300    113.9    1456.2    1524.5    24.00     19.34     237.4      0.0      17     47.21         
7.50   4.387    0.0      1555.1    1524.5    24.04     19.47     727.4      0.0      12     47.25         
7.55   4.482    0.0      1431.9    1524.5    24.09     19.49     1698.3     0.0      17     47.23         
7.60   4.587    0.0      1522.5    1524.5    24.04     19.36     759.2      0.0      16     47.20         
7.65   4.700    0.0      1522.8    1524.4    23.92     19.32     879.1      0.0      16     47.16         
7.70   4.821    0.0      1522.4    1524.4    23.94     19.28     700.4      0.0      24     47.16         
7.75   4.946    0.0      1518.7    1524.5    23.99     19.32     324.0      0.0      28     47.19         
7.80   5.065    0.0      1520.9    1524.5    24.02     19.39     382.2      0.0      34     47.24         
7.85   5.173    0.0      1521.0    1524.5    24.06     19.35     182.5      0.0      21     47.28         
7.90   5.268    0.0      1527.3    1524.5    24.03     19.41     62.7       0.0      46     47.32         
7.95   5.350    0.0      1527.4    1524.5    24.07     19.39     99.8       0.0      38     47.36         
8.00   5.419    0.0      1522.1    1524.6    24.12     19.45     123.4      0.0      20     47.39         
  Activating project at `~/Documents/GitHub/KiteTurbineDynamics.jl`
Precompiling packages...
   4779.9 ms  ✓ KiteTurbineDynamics
  1 dependency successfully precompiled in 6 seconds. 576 already precompiled.

Legend: (slack!) = kite lift line shorter than 99% of design → T_lift = 0

KEY QUESTION: With lagged kite model (τ = 3.0 s)...
  → Does kite_z follow SA_z with a lag? (good: continuous lift during payout)
  → Does n_slack drop to near-zero compared to frozen kite? (fixed!)
  → Does TRPT_mn stay positive throughout payout?
