genome (raw)       = [4.57997905482005, 0.8036829846088207, 2.720554022272866, 3.0, -0.8, 1.0370201857788965, 7.088131460323565, 22.0, 0.8213255027884769, 0.19999999999999996]
genome (evaluated) = [4.57997905482005, 0.8036829846088207, 2.720554022272866, 3.0, -0.8, 1.0, 7.088131460323565, 22.0, 0.8213255027884769, 0.19999999999999996]
decoded: n_lines=3 rings=6 n_active=1 r_hub=4.580 r_bot=0.804
clearance = 5.468124 m  (gate 1.5)
fitness_fn args: P_mean=5.314113662272673 FoS_min=14.971791422208508 mass=25.69846825623688
eval wall = 43.8 s
== result fields ==
  status = ok
  fitness = 27.3635412663488
  P_mean = 5.3087794439367935
  FoS_min = 14.971791422208508
  ω_eq = 10.169820334285198
  P_range = 0.028659374428010587
  drifted = false
  stationary = true
  util_a = 0.06679174086635262
  util_b = 5.334714158942919e-7
  T_lift = 324.1250954336462
  P_end = 5.314113662272673
  twist_crossed = false
  twist_ratio = 0.4393474253185575
  line_broken = false
SV_REEVAL_DONE
