This is pdfTeX, Version 3.141592653-2.6-1.40.25 (TeX Live 2023/Debian) (preloaded format=pdflatex 2026.3.6)  17 JUN 2026 21:34
entering extended mode
 restricted \write18 enabled.
 %&-line parsing enabled.
**diagram1-polygon-v4.tex
(./diagram1-polygon-v4.tex
LaTeX2e <2023-11-01> patch level 1
L3 programming layer <2024-01-22>
(/usr/share/texlive/texmf-dist/tex/latex/base/article.cls
Document Class: article 2023/05/17 v1.4n Standard LaTeX document class
(/usr/share/texlive/texmf-dist/tex/latex/base/size10.clo
File: size10.clo 2023/05/17 v1.4n Standard LaTeX file (size option)
)
\c@part=\count187
\c@section=\count188
\c@subsection=\count189
\c@subsubsection=\count190
\c@paragraph=\count191
\c@subparagraph=\count192
\c@figure=\count193
\c@table=\count194
\abovecaptionskip=\skip48
\belowcaptionskip=\skip49
\bibindent=\dimen140
)
(/home/rod/texmf/tex/latex/pgf/frontendlayer/tikz.sty
(/home/rod/texmf/tex/latex/pgf/basiclayer/pgf.sty
(/home/rod/texmf/tex/latex/pgf/utilities/pgfrcs.sty
(/home/rod/texmf/tex/generic/utilities/pgfutil-common.tex
\pgfutil@everybye=\toks17
\pgfutil@tempdima=\dimen141
\pgfutil@tempdimb=\dimen142
)
(/home/rod/texmf/tex/generic/utilities/pgfutil-latex.def
\pgfutil@abb=\box51
)
(/home/rod/texmf/tex/generic/utilities/pgfrcs.code.tex
Package: pgfrcs 2014-07-01 v0.0 (0.0)
))
Package: pgf 2014-07-01 v0.0 (0.0)

(/home/rod/texmf/tex/latex/pgf/basiclayer/pgfcore.sty
(/usr/share/texlive/texmf-dist/tex/latex/graphics/graphicx.sty
Package: graphicx 2021/09/16 v1.2d Enhanced LaTeX Graphics (DPC,SPQR)

(/usr/share/texlive/texmf-dist/tex/latex/graphics/keyval.sty
Package: keyval 2022/05/29 v1.15 key=value parser (DPC)
\KV@toks@=\toks18
)
(/usr/share/texlive/texmf-dist/tex/latex/graphics/graphics.sty
Package: graphics 2022/03/10 v1.4e Standard LaTeX Graphics (DPC,SPQR)

(/usr/share/texlive/texmf-dist/tex/latex/graphics/trig.sty
Package: trig 2021/08/11 v1.11 sin cos tan (DPC)
)
(/usr/share/texlive/texmf-dist/tex/latex/graphics-cfg/graphics.cfg
File: graphics.cfg 2016/06/04 v1.11 sample graphics configuration
)
Package graphics Info: Driver file: pdftex.def on input line 107.

(/usr/share/texlive/texmf-dist/tex/latex/graphics-def/pdftex.def
File: pdftex.def 2022/09/22 v1.2b Graphics/color driver for pdftex
))
\Gin@req@height=\dimen143
\Gin@req@width=\dimen144
)
(/home/rod/texmf/tex/latex/pgf/systemlayer/pgfsys.sty
(/home/rod/texmf/tex/generic/pgf/systemlayer/pgfsys.code.tex
Package: pgfsys 2014-07-01 v0.0 (0.0)

(/home/rod/texmf/tex/generic/utilities/pgfkeys.code.tex
\pgfkeys@pathtoks=\toks19
\pgfkeys@temptoks=\toks20

(/home/rod/texmf/tex/generic/utilities/pgfkeyslibraryfiltered.code.tex
\pgfkeys@tmptoks=\toks21
))
\pgf@x=\dimen145
\pgf@y=\dimen146
\pgf@xa=\dimen147
\pgf@ya=\dimen148
\pgf@xb=\dimen149
\pgf@yb=\dimen150
\pgf@xc=\dimen151
\pgf@yc=\dimen152
\pgf@xd=\dimen153
\pgf@yd=\dimen154
\w@pgf@writea=\write3
\r@pgf@reada=\read2
\c@pgf@counta=\count195
\c@pgf@countb=\count196
\c@pgf@countc=\count197
\c@pgf@countd=\count198
\t@pgf@toka=\toks22
\t@pgf@tokb=\toks23
\t@pgf@tokc=\toks24
\pgf@sys@id@count=\count199

(/home/rod/texmf/tex/generic/pgf/systemlayer/pgf.cfg
File: pgf.cfg 2014-07-01 v0.0 (0.0)
)
Driver file for pgf: pgfsys-pdftex.def

(/home/rod/texmf/tex/generic/pgf/systemlayer/pgfsys-pdftex.def
File: pgfsys-pdftex.def 2014-07-01 v0.0 (0.0)

(/home/rod/texmf/tex/generic/pgf/systemlayer/pgfsys-common-pdf.def
File: pgfsys-common-pdf.def 2014-07-01 v0.0 (0.0)
)))
(/home/rod/texmf/tex/generic/pgf/systemlayer/pgfsyssoftpath.code.tex
File: pgfsyssoftpath.code.tex 2014-07-01 v0.0 (0.0)
\pgfsyssoftpath@smallbuffer@items=\count266
\pgfsyssoftpath@bigbuffer@items=\count267
)
(/home/rod/texmf/tex/generic/pgf/systemlayer/pgfsysprotocol.code.tex
File: pgfsysprotocol.code.tex 2014-07-01 v0.0 (0.0)
))
(/usr/share/texlive/texmf-dist/tex/latex/xcolor/xcolor.sty
Package: xcolor 2023/11/15 v3.01 LaTeX color extensions (UK)

(/usr/share/texlive/texmf-dist/tex/latex/graphics-cfg/color.cfg
File: color.cfg 2016/01/02 v1.6 sample color configuration
)
Package xcolor Info: Driver file: pdftex.def on input line 274.

(/usr/share/texlive/texmf-dist/tex/latex/graphics/mathcolor.ltx)
Package xcolor Info: Model `cmy' substituted by `cmy0' on input line 1350.
Package xcolor Info: Model `hsb' substituted by `rgb' on input line 1354.
Package xcolor Info: Model `RGB' extended on input line 1366.
Package xcolor Info: Model `HTML' substituted by `rgb' on input line 1368.
Package xcolor Info: Model `Hsb' substituted by `hsb' on input line 1369.
Package xcolor Info: Model `tHsb' substituted by `hsb' on input line 1370.
Package xcolor Info: Model `HSB' substituted by `hsb' on input line 1371.
Package xcolor Info: Model `Gray' substituted by `gray' on input line 1372.
Package xcolor Info: Model `wave' substituted by `hsb' on input line 1373.
)
(/home/rod/texmf/tex/generic/basiclayer/pgfcore.code.tex
Package: pgfcore 2014-07-01 v0.0 (0.0)

(/home/rod/texmf/tex/generic/math/pgfmath.code.tex
(/home/rod/texmf/tex/generic/math/pgfmathutil.code.tex)
(/home/rod/texmf/tex/generic/math/pgfmathparser.code.tex
\pgfmath@dimen=\dimen155
\pgfmath@count=\count268
\pgfmath@box=\box52
\pgfmath@toks=\toks25
\pgfmath@stack@operand=\toks26
\pgfmath@stack@operation=\toks27
)
(/home/rod/texmf/tex/generic/math/pgfmathfunctions.code.tex)
(/home/rod/texmf/tex/generic/math/pgfmathfunctions.basic.code.tex)
(/home/rod/texmf/tex/generic/math/pgfmathfunctions.trigonometric.code.tex)
(/home/rod/texmf/tex/generic/math/pgfmathfunctions.random.code.tex)
(/home/rod/texmf/tex/generic/math/pgfmathfunctions.comparison.code.tex)
(/home/rod/texmf/tex/generic/math/pgfmathfunctions.base.code.tex)
(/home/rod/texmf/tex/generic/math/pgfmathfunctions.round.code.tex)
(/home/rod/texmf/tex/generic/math/pgfmathfunctions.misc.code.tex)
(/home/rod/texmf/tex/generic/math/pgfmathfunctions.integerarithmetics.code.tex)
(/home/rod/texmf/tex/generic/math/pgfmathcalc.code.tex)
(/home/rod/texmf/tex/generic/math/pgfmathfloat.code.tex
\c@pgfmathroundto@lastzeros=\count269
))
(/home/rod/texmf/tex/generic/math/pgfint.code.tex)
(/home/rod/texmf/tex/generic/basiclayer/pgfcorepoints.code.tex
File: pgfcorepoints.code.tex 2014-07-01 v0.0 (0.0)
\pgf@picminx=\dimen156
\pgf@picmaxx=\dimen157
\pgf@picminy=\dimen158
\pgf@picmaxy=\dimen159
\pgf@pathminx=\dimen160
\pgf@pathmaxx=\dimen161
\pgf@pathminy=\dimen162
\pgf@pathmaxy=\dimen163
\pgf@xx=\dimen164
\pgf@xy=\dimen165
\pgf@yx=\dimen166
\pgf@yy=\dimen167
\pgf@zx=\dimen168
\pgf@zy=\dimen169
)
(/home/rod/texmf/tex/generic/basiclayer/pgfcorepathconstruct.code.tex
File: pgfcorepathconstruct.code.tex 2014-07-01 v0.0 (0.0)
\pgf@path@lastx=\dimen170
\pgf@path@lasty=\dimen171
)
(/home/rod/texmf/tex/generic/basiclayer/pgfcorepathusage.code.tex
File: pgfcorepathusage.code.tex 2014-07-01 v0.0 (0.0)
\pgf@shorten@end@additional=\dimen172
\pgf@shorten@start@additional=\dimen173
)
(/home/rod/texmf/tex/generic/basiclayer/pgfcorescopes.code.tex
File: pgfcorescopes.code.tex 2014-07-01 v0.0 (0.0)
\pgfpic=\box53
\pgf@hbox=\box54
\pgf@layerbox@main=\box55
\pgf@picture@serial@count=\count270
)
(/home/rod/texmf/tex/generic/basiclayer/pgfcoregraphicstate.code.tex
File: pgfcoregraphicstate.code.tex 2014-07-01 v0.0 (0.0)
\pgflinewidth=\dimen174
)
(/home/rod/texmf/tex/generic/basiclayer/pgfcoretransformations.code.tex
File: pgfcoretransformations.code.tex 2014-07-01 v0.0 (0.0)
\pgf@pt@x=\dimen175
\pgf@pt@y=\dimen176
\pgf@pt@temp=\dimen177
)
(/home/rod/texmf/tex/generic/basiclayer/pgfcorequick.code.tex
File: pgfcorequick.code.tex 2014-07-01 v0.0 (0.0)
)
(/home/rod/texmf/tex/generic/basiclayer/pgfcoreobjects.code.tex
File: pgfcoreobjects.code.tex 2014-07-01 v0.0 (0.0)
)
(/home/rod/texmf/tex/generic/basiclayer/pgfcorepathprocessing.code.tex
File: pgfcorepathprocessing.code.tex 2014-07-01 v0.0 (0.0)
)
(/home/rod/texmf/tex/generic/basiclayer/pgfcorearrows.code.tex
File: pgfcorearrows.code.tex 2014-07-01 v0.0 (0.0)
\pgfarrowsep=\dimen178
)
(/home/rod/texmf/tex/generic/basiclayer/pgfcoreshade.code.tex
File: pgfcoreshade.code.tex 2014-07-01 v0.0 (0.0)
\pgf@max=\dimen179
\pgf@sys@shading@range@num=\count271
\pgf@shadingcount=\count272
)
(/home/rod/texmf/tex/generic/basiclayer/pgfcoreimage.code.tex
File: pgfcoreimage.code.tex 2014-07-01 v0.0 (0.0)
)
(/home/rod/texmf/tex/generic/basiclayer/pgfcoreexternal.code.tex
File: pgfcoreexternal.code.tex 2014-07-01 v0.0 (0.0)
\pgfexternal@startupbox=\box56
)
(/home/rod/texmf/tex/generic/basiclayer/pgfcorelayers.code.tex
File: pgfcorelayers.code.tex 2014-07-01 v0.0 (0.0)
)
(/home/rod/texmf/tex/generic/basiclayer/pgfcoretransparency.code.tex
File: pgfcoretransparency.code.tex 2014-07-01 v0.0 (0.0)
)
(/home/rod/texmf/tex/generic/basiclayer/pgfcorepatterns.code.tex
File: pgfcorepatterns.code.tex 2014-07-01 v0.0 (0.0)
)
(/home/rod/texmf/tex/generic/basiclayer/pgfcorerdf.code.tex
File: pgfcorerdf.code.tex 2014-07-01 v0.0 (0.0)
)))
(/home/rod/texmf/tex/generic/pgf/modules/pgfmoduleshapes.code.tex
File: pgfmoduleshapes.code.tex 2014-07-01 v0.0 (0.0)
\pgfnodeparttextbox=\box57
)
(/home/rod/texmf/tex/generic/pgf/modules/pgfmoduleplot.code.tex
File: pgfmoduleplot.code.tex 2014-07-01 v0.0 (0.0)
)
(/home/rod/texmf/tex/latex/pgf/compatibility/pgfcomp-version-0-65.sty
Package: pgfcomp-version-0-65 2014-07-01 v0.0 (0.0)
\pgf@nodesepstart=\dimen180
\pgf@nodesepend=\dimen181
)
(/home/rod/texmf/tex/latex/pgf/compatibility/pgfcomp-version-1-18.sty
Package: pgfcomp-version-1-18 2014-07-01 v0.0 (0.0)
))
(/home/rod/texmf/tex/latex/pgf/utilities/pgffor.sty
(/home/rod/texmf/tex/latex/pgf/utilities/pgfkeys.sty
(/home/rod/texmf/tex/generic/utilities/pgfkeys.code.tex))
(/home/rod/texmf/tex/latex/pgf/math/pgfmath.sty
(/home/rod/texmf/tex/generic/math/pgfmath.code.tex))
(/home/rod/texmf/tex/generic/utilities/pgffor.code.tex
Package: pgffor 2014-07-01 v0.0 (0.0)
\pgffor@iter=\dimen182
\pgffor@skip=\dimen183
\pgffor@stack=\toks28
\pgffor@toks=\toks29
))
(/home/rod/texmf/tex/generic/frontendlayer/tikz/tikz.code.tex
Package: tikz 2014-07-01 v0.0 (0.0)

(/home/rod/texmf/tex/generic/libraries/pgflibraryplothandlers.code.tex
File: pgflibraryplothandlers.code.tex 2014-07-01 v0.0 (0.0)
\pgf@plot@mark@count=\count273
\pgfplotmarksize=\dimen184
)
\tikz@lastx=\dimen185
\tikz@lasty=\dimen186
\tikz@lastxsaved=\dimen187
\tikz@lastysaved=\dimen188
\tikz@lastmovetox=\dimen189
\tikz@lastmovetoy=\dimen190
\tikzleveldistance=\dimen191
\tikzsiblingdistance=\dimen192
\tikz@figbox=\box58
\tikz@figbox@bg=\box59
\tikz@tempbox=\box60
\tikz@tempbox@bg=\box61
\tikztreelevel=\count274
\tikznumberofchildren=\count275
\tikznumberofcurrentchild=\count276
\tikz@fig@count=\count277

(/home/rod/texmf/tex/generic/pgf/modules/pgfmodulematrix.code.tex
File: pgfmodulematrix.code.tex 2014-07-01 v0.0 (0.0)
\pgfmatrixcurrentrow=\count278
\pgfmatrixcurrentcolumn=\count279
\pgf@matrix@numberofcolumns=\count280
)
\tikz@expandcount=\count281

(/home/rod/texmf/tex/generic/frontendlayer/tikz/libraries/tikzlibrarytopaths.co
de.tex
File: tikzlibrarytopaths.code.tex 2014-07-01 v0.0 (0.0)
)))
(/home/rod/texmf/tex/generic/frontendlayer/tikz/libraries/tikzlibrarycalc.code.
tex
File: tikzlibrarycalc.code.tex 2014-07-01 v0.0 (0.0)
) (/usr/share/texlive/texmf-dist/tex/latex/amsmath/amsmath.sty
Package: amsmath 2023/05/13 v2.17o AMS math features
\@mathmargin=\skip50

For additional information on amsmath, use the `?' option.
(/usr/share/texlive/texmf-dist/tex/latex/amsmath/amstext.sty
Package: amstext 2021/08/26 v2.01 AMS text

(/usr/share/texlive/texmf-dist/tex/latex/amsmath/amsgen.sty
File: amsgen.sty 1999/11/30 v2.0 generic functions
\@emptytoks=\toks30
\ex@=\dimen193
))
(/usr/share/texlive/texmf-dist/tex/latex/amsmath/amsbsy.sty
Package: amsbsy 1999/11/29 v1.2d Bold Symbols
\pmbraise@=\dimen194
)
(/usr/share/texlive/texmf-dist/tex/latex/amsmath/amsopn.sty
Package: amsopn 2022/04/08 v2.04 operator names
)
\inf@bad=\count282
LaTeX Info: Redefining \frac on input line 234.
\uproot@=\count283
\leftroot@=\count284
LaTeX Info: Redefining \overline on input line 399.
LaTeX Info: Redefining \colon on input line 410.
\classnum@=\count285
\DOTSCASE@=\count286
LaTeX Info: Redefining \ldots on input line 496.
LaTeX Info: Redefining \dots on input line 499.
LaTeX Info: Redefining \cdots on input line 620.
\Mathstrutbox@=\box62
\strutbox@=\box63
LaTeX Info: Redefining \big on input line 722.
LaTeX Info: Redefining \Big on input line 723.
LaTeX Info: Redefining \bigg on input line 724.
LaTeX Info: Redefining \Bigg on input line 725.
\big@size=\dimen195
LaTeX Font Info:    Redeclaring font encoding OML on input line 743.
LaTeX Font Info:    Redeclaring font encoding OMS on input line 744.
\macc@depth=\count287
LaTeX Info: Redefining \bmod on input line 905.
LaTeX Info: Redefining \pmod on input line 910.
LaTeX Info: Redefining \smash on input line 940.
LaTeX Info: Redefining \relbar on input line 970.
LaTeX Info: Redefining \Relbar on input line 971.
\c@MaxMatrixCols=\count288
\dotsspace@=\muskip16
\c@parentequation=\count289
\dspbrk@lvl=\count290
\tag@help=\toks31
\row@=\count291
\column@=\count292
\maxfields@=\count293
\andhelp@=\toks32
\eqnshift@=\dimen196
\alignsep@=\dimen197
\tagshift@=\dimen198
\tagwidth@=\dimen199
\totwidth@=\dimen256
\lineht@=\dimen257
\@envbody=\toks33
\multlinegap=\skip51
\multlinetaggap=\skip52
\mathdisplay@stack=\toks34
LaTeX Info: Redefining \[ on input line 2953.
LaTeX Info: Redefining \] on input line 2954.
)
(/usr/share/texlive/texmf-dist/tex/latex/geometry/geometry.sty
Package: geometry 2020/01/02 v5.9 Page Geometry

(/usr/share/texlive/texmf-dist/tex/generic/iftex/ifvtex.sty
Package: ifvtex 2019/10/25 v1.7 ifvtex legacy package. Use iftex instead.

(/usr/share/texlive/texmf-dist/tex/generic/iftex/iftex.sty
Package: iftex 2022/02/03 v1.0f TeX engine tests
))
\Gm@cnth=\count294
\Gm@cntv=\count295
\c@Gm@tempcnt=\count296
\Gm@bindingoffset=\dimen258
\Gm@wd@mp=\dimen259
\Gm@odd@mp=\dimen260
\Gm@even@mp=\dimen261
\Gm@layoutwidth=\dimen262
\Gm@layoutheight=\dimen263
\Gm@layouthoffset=\dimen264
\Gm@layoutvoffset=\dimen265
\Gm@dimlist=\toks35
)
(/usr/share/texlive/texmf-dist/tex/latex/l3backend/l3backend-pdftex.def
File: l3backend-pdftex.def 2024-01-04 L3 backend support: PDF output (pdfTeX)
\l__color_backend_stack_int=\count297
\l__pdf_internal_box=\box64
)
(./diagram1-polygon-v4.aux)
\openout1 = `diagram1-polygon-v4.aux'.

LaTeX Font Info:    Checking defaults for OML/cmm/m/it on input line 7.
LaTeX Font Info:    ... okay on input line 7.
LaTeX Font Info:    Checking defaults for OMS/cmsy/m/n on input line 7.
LaTeX Font Info:    ... okay on input line 7.
LaTeX Font Info:    Checking defaults for OT1/cmr/m/n on input line 7.
LaTeX Font Info:    ... okay on input line 7.
LaTeX Font Info:    Checking defaults for T1/cmr/m/n on input line 7.
LaTeX Font Info:    ... okay on input line 7.
LaTeX Font Info:    Checking defaults for TS1/cmr/m/n on input line 7.
LaTeX Font Info:    ... okay on input line 7.
LaTeX Font Info:    Checking defaults for OMX/cmex/m/n on input line 7.
LaTeX Font Info:    ... okay on input line 7.
LaTeX Font Info:    Checking defaults for U/cmr/m/n on input line 7.
LaTeX Font Info:    ... okay on input line 7.

(/usr/share/texlive/texmf-dist/tex/context/base/mkii/supp-pdf.mkii
[Loading MPS to PDF converter (version 2006.09.02).]
\scratchcounter=\count298
\scratchdimen=\dimen266
\scratchbox=\box65
\nofMPsegments=\count299
\nofMParguments=\count300
\everyMPshowfont=\toks36
\MPscratchCnt=\count301
\MPscratchDim=\dimen267
\MPnumerator=\count302
\makeMPintoPDFobject=\count303
\everyMPtoPDFconversion=\toks37
) (/usr/share/texlive/texmf-dist/tex/latex/epstopdf-pkg/epstopdf-base.sty
Package: epstopdf-base 2020-01-24 v2.11 Base part for package epstopdf
Package epstopdf-base Info: Redefining graphics rule for `.eps' on input line 4
85.

(/usr/share/texlive/texmf-dist/tex/latex/latexconfig/epstopdf-sys.cfg
File: epstopdf-sys.cfg 2010/07/13 v1.3 Configuration of (r)epstopdf for TeX Liv
e
))
*geometry* driver: auto-detecting
*geometry* detected driver: pdftex
*geometry* verbose mode - [ preamble ] result:
* driver: pdftex
* paper: custom
* layout: <same size as paper>
* layoutoffset:(h,v)=(0.0pt,0.0pt)
* modes: 
* h-part:(L,W,R)=(14.22636pt, 995.84648pt, 14.22636pt)
* v-part:(T,H,B)=(14.22636pt, 768.22443pt, 14.22636pt)
* \paperwidth=1024.29921pt
* \paperheight=796.67715pt
* \textwidth=995.84648pt
* \textheight=768.22443pt
* \oddsidemargin=-58.04362pt
* \evensidemargin=-58.04362pt
* \topmargin=-95.04362pt
* \headheight=12.0pt
* \headsep=25.0pt
* \topskip=10.0pt
* \footskip=30.0pt
* \marginparwidth=65.0pt
* \marginparsep=11.0pt
* \columnsep=10.0pt
* \skip\footins=9.0pt plus 4.0pt minus 2.0pt
* \hoffset=0.0pt
* \voffset=0.0pt
* \mag=1000
* \@twocolumnfalse
* \@twosidefalse
* \@mparswitchfalse
* \@reversemarginfalse
* (1in=72.27pt=25.4mm, 1cm=28.453pt)

[1

{/var/lib/texmf/fonts/map/pdftex/updmap/pdftex.map}]
(./diagram1-polygon-v4.aux)
 ***********
LaTeX2e <2023-11-01> patch level 1
L3 programming layer <2024-01-22>
 ***********
 ) 
Here is how much of TeX's memory you used:
 13424 strings out of 476182
 268859 string characters out of 5795596
 1937975 words of memory out of 5000000
 35217 multiletter control sequences out of 15000+600000
 565031 words of font info for 60 fonts, out of 8000000 for 9000
 14 hyphenation exceptions out of 8191
 102i,7n,107p,421b,720s stack positions out of 10000i,1000n,20000p,200000b,200000s
</usr/share/texlive/texmf-dist/fonts/type1/public/amsfonts/cm/cmbx12.pfb></us
r/share/texlive/texmf-dist/fonts/type1/public/amsfonts/cm/cmbx8.pfb></usr/share
/texlive/texmf-dist/fonts/type1/public/amsfonts/cm/cmmi6.pfb></usr/share/texliv
e/texmf-dist/fonts/type1/public/amsfonts/cm/cmmi8.pfb></usr/share/texlive/texmf
-dist/fonts/type1/public/amsfonts/cm/cmmi9.pfb></usr/share/texlive/texmf-dist/f
onts/type1/public/amsfonts/cm/cmr12.pfb></usr/share/texlive/texmf-dist/fonts/ty
pe1/public/amsfonts/cm/cmr6.pfb></usr/share/texlive/texmf-dist/fonts/type1/publ
ic/amsfonts/cm/cmr8.pfb></usr/share/texlive/texmf-dist/fonts/type1/public/amsfo
nts/cm/cmr9.pfb></usr/share/texlive/texmf-dist/fonts/type1/public/amsfonts/cm/c
msy10.pfb></usr/share/texlive/texmf-dist/fonts/type1/public/amsfonts/cm/cmsy8.p
fb></usr/share/texlive/texmf-dist/fonts/type1/public/amsfonts/cm/cmsy9.pfb></us
r/share/texlive/texmf-dist/fonts/type1/public/amsfonts/cm/cmti8.pfb>
Output written on diagram1-polygon-v4.pdf (1 page, 148378 bytes).
PDF statistics:
 76 PDF objects out of 1000 (max. 8388607)
 46 compressed objects within 1 object stream
 0 named destinations out of 1000 (max. 500000)
 13 words of extra memory for PDF output out of 10000 (max. 10000000)

