pair-extract / extract-winner-operating-point
generated: 2026-10-08T22:47:45.293
run-id: pair-extract-2026-10-08-winner-ops
dataset: v13_5kw_masslift_len18.8_rotorcount_bankderate2 | data commit dd3cc6a | launch a76c5e9
physics era: post-95c385d_wind-authority
computing commit: f8114be60e6c1ff842b90d2267d588ddc40e0098
worktree: dirty (other seats' files present; this extract reads only committed src/ + the data commit)
genome (raw)       = [4.57997905482005, 0.8036829846088207, 2.720554022272866, 3.0, -0.8, 1.0370201857788965, 7.088131460323565, 22.0, 0.8213255027884769, 0.19999999999999996]
genome (evaluated) = [4.57997905482005, 0.8036829846088207, 2.720554022272866, 3.0, -0.8, 1.0, 7.088131460323565, 22.0, 0.8213255027884769, 0.19999999999999996]
decoded: n_lines=3 rings=6 n_active=1 r_hub=4.57997905482005 r_bot=0.8036829846088207
clearance = 5.468123977660059 m
tap first call: s=1 t=2.8987873697672758e-5 | dt=2.8987873697672758e-5 total_n=1724859
eval wall = 42.8 s

== result fields ==
  status = ok
  fitness = 27.3635412663488
  P_mean = 5.3087794439367935
  FoS_min = 14.971791422208508
  ω_eq = 10.169820334285198
  P_range = 0.028659374428010587
  drifted = false
  stationary = true
  util_a = 0.06679174086635262
  util_b = 5.334714158942919e-7
  T_lift = 324.1250954336462
  P_end = 5.314113662272673
  twist_crossed = false
  twist_ratio = 0.4393474253185575
  line_broken = false

== parity certificate vs recorded cold re-eval (sv_p0_winner_reeval.txt) ==
  fitness      got=27.3635412663488 expected=27.3635412663488 |diff|=0.0 EXACT
  P_mean       got=5.3087794439367935 expected=5.3087794439367935 |diff|=0.0 EXACT
  P_end        got=5.314113662272673 expected=5.314113662272673 |diff|=0.0 EXACT
  FoS_min      got=14.971791422208508 expected=14.971791422208508 |diff|=0.0 EXACT
  util_a       got=0.06679174086635262 expected=0.06679174086635262 |diff|=0.0 EXACT
  util_b       got=5.334714158942919e-7 expected=5.334714158942919e-7 |diff|=0.0 EXACT
  T_lift       got=324.1250954336462 expected=324.1250954336462 |diff|=0.0 EXACT
  twist_ratio  got=0.4393474253185575 expected=0.4393474253185575 |diff|=0.0 EXACT
  ω_eq         got=10.169820334285198 expected=10.169820334285198 |diff|=0.0 EXACT
parity: ALL FIELDS MATCH

== capture ==
dt = 2.8987873697672758e-5 s | total_n = 1724859 steps | relax+window = 50.0 s
samples captured: 52 (final step + 1 Hz decimation)
capture: s = 1724859, t = 49.99999483862295 s  (final integration step of the measurement run)
k_mppt_ref at capture = 2.24
P at capture = 5.314240111912594 kW  (vs r.P_end = 5.314113662272673)
ring stations (m, cumulative from R1): [0.0, 2.3182841987165674, 4.636939712683201, 6.9559610374822345, 9.27534680414777, 18.600867750952748]

== ring block (R2..R6; hub = R6) ==
ring | station_m | max_util | util_axial | util_bending | resid | ring_fos
R2 | 2.3182841987165674 | 0.03323714455441065 | 0.033223570205929 | 1.3574348481652112e-5 | 0.0 | 30.086820435580936
R3 | 4.636939712683201 | 0.033548608446737266 | 0.03354237801917142 | 6.230427565848155e-6 | 0.0 | 29.80749563987516
R4 | 6.9559610374822345 | 0.028380221733419368 | 0.028374815022862057 | 5.40671055731162e-6 | 0.0 | 35.23580644975869
R5 | 9.27534680414777 | 3.058346201008972e-6 | 0.0 | 3.058346201008972e-6 | 0.0 | 326974.1011237028
R6 | 18.600867750952748 | 0.06652238395895148 | 0.06652164721153939 | 7.36747412096439e-7 | 0.0 | 15.032534020684876

== segment block (S1..S5, ground -> hub) ==
seg | r_a | r_b | l_t | abs_dalpha_deg | twist_deg(emitted) | dcrit_deg | has_limit | tau | capacity | aux: T_sum, L_ax, da_star_deg, ratio, d_touch_deg
S1 | 0.8036829846088207 | 0.8036829846088207 | 2.3633348105031415 | 33.94561934829036 | 33.94561934829036 | 98.85908296054023 | true | 396.791634149159 | 805.0097155967861 | T_sum=2602.0029523535895, L_ax=2.3182841987165674, da*=78.82630951428297, ratio=0.43063819120111885, d_touch=NaN
S2 | 0.8036829846088207 | 0.8036829846088207 | 2.3633348105031415 | 33.811870056223555 | 33.811870056223555 | 98.85908296054023 | true | 397.1554424859068 | 808.6780945063998 | T_sum=2613.441526968571, L_ax=2.318655513966634, da*=78.82923184740567, ratio=0.4289255300834995, d_touch=NaN
S3 | 0.8036829846088207 | 0.8036829846088207 | 2.363334810503141 | 33.67952027817454 | 33.67952027817454 | 98.85908296054023 | true | 397.45360112890063 | 812.213802301376 | T_sum=2624.453977360504, L_ax=2.3190213247990337, da*=78.83210981268917, ratio=0.4272309894813108, d_touch=NaN
S4 | 0.8036829846088207 | 0.8036829846088207 | 2.363334810503142 | 33.54707806507812 | 33.54707806507812 | 98.85908296054016 | true | 397.68800908436924 | 815.650844050359 | T_sum=2635.1457464117916, L_ax=2.3193857666655346, da*=78.83497597507535, ratio=0.4255354637982567, d_touch=NaN
S5 | 0.8036829846088207 | 4.57997905482005 | 10.080698355510645 | 22.821871326820364 | 22.821871326820364 | 92.64281134151318 | true | 397.1777954649229 | 1069.9324759682652 | T_sum=2807.4045242109123, L_ax=9.325520946804978, da*=71.00897762908976, ratio=0.32139416858004566, d_touch=NaN

wrote: /home/rod/Documents/GitHub/KiteTurbineDynamics.jl/docs/reporting/figures/pair-extract/extract-winner-operating-point.csv
EXTRACT_DONE
